Component: ARM Compiler 5.06 update 5 (build 528) Tool: armlink [4d35e2]

==============================================================================

Section Cross References

    startup_stm32g474xx.o(STACK) refers (Special) to heapauxi.o(.text) for __use_two_region_memory
    startup_stm32g474xx.o(HEAP) refers (Special) to heapauxi.o(.text) for __use_two_region_memory
    startup_stm32g474xx.o(RESET) refers (Special) to heapauxi.o(.text) for __use_two_region_memory
    startup_stm32g474xx.o(RESET) refers to startup_stm32g474xx.o(STACK) for __initial_sp
    startup_stm32g474xx.o(RESET) refers to startup_stm32g474xx.o(.text) for Reset_Handler
    startup_stm32g474xx.o(RESET) refers to stm32g4xx_it.o(i.NMI_Handler) for NMI_Handler
    startup_stm32g474xx.o(RESET) refers to stm32g4xx_it.o(i.HardFault_Handler) for HardFault_Handler
    startup_stm32g474xx.o(RESET) refers to stm32g4xx_it.o(i.MemManage_Handler) for MemManage_Handler
    startup_stm32g474xx.o(RESET) refers to stm32g4xx_it.o(i.BusFault_Handler) for BusFault_Handler
    startup_stm32g474xx.o(RESET) refers to stm32g4xx_it.o(i.UsageFault_Handler) for UsageFault_Handler
    startup_stm32g474xx.o(RESET) refers to port.o(.emb_text) for SVC_Handler
    startup_stm32g474xx.o(RESET) refers to stm32g4xx_it.o(i.DebugMon_Handler) for DebugMon_Handler
    startup_stm32g474xx.o(RESET) refers to cmsis_os2.o(i.SysTick_Handler) for SysTick_Handler
    startup_stm32g474xx.o(RESET) refers to stm32g4xx_it.o(i.FDCAN1_IT0_IRQHandler) for FDCAN1_IT0_IRQHandler
    startup_stm32g474xx.o(RESET) refers to stm32g4xx_it.o(i.TIM2_IRQHandler) for TIM2_IRQHandler
    startup_stm32g474xx.o(RESET) refers to stm32g4xx_it.o(i.TIM6_DAC_IRQHandler) for TIM6_DAC_IRQHandler
    startup_stm32g474xx.o(RESET) refers to stm32g4xx_it.o(i.TIM7_DAC_IRQHandler) for TIM7_DAC_IRQHandler
    startup_stm32g474xx.o(RESET) refers to stm32g4xx_it.o(i.FDCAN2_IT0_IRQHandler) for FDCAN2_IT0_IRQHandler
    startup_stm32g474xx.o(RESET) refers to stm32g4xx_it.o(i.FDCAN3_IT0_IRQHandler) for FDCAN3_IT0_IRQHandler
    startup_stm32g474xx.o(.text) refers (Special) to heapauxi.o(.text) for __use_two_region_memory
    startup_stm32g474xx.o(.text) refers to system_stm32g4xx.o(i.SystemInit) for SystemInit
    startup_stm32g474xx.o(.text) refers to __main.o(!!!main) for __main
    startup_stm32g474xx.o(.text) refers to startup_stm32g474xx.o(HEAP) for Heap_Mem
    startup_stm32g474xx.o(.text) refers to startup_stm32g474xx.o(STACK) for Stack_Mem
    main.o(i.HAL_TIM_PeriodElapsedCallback) refers to stm32g4xx_hal.o(i.HAL_IncTick) for HAL_IncTick
    main.o(i.SystemClock_Config) refers to stm32g4xx_hal_pwr_ex.o(i.HAL_PWREx_ControlVoltageScaling) for HAL_PWREx_ControlVoltageScaling
    main.o(i.SystemClock_Config) refers to stm32g4xx_hal_rcc.o(i.HAL_RCC_OscConfig) for HAL_RCC_OscConfig
    main.o(i.SystemClock_Config) refers to stm32g4xx_hal_rcc.o(i.HAL_RCC_ClockConfig) for HAL_RCC_ClockConfig
    main.o(i.main) refers to stm32g4xx_hal.o(i.HAL_Init) for HAL_Init
    main.o(i.main) refers to stm32g4xx_hal_pwr_ex.o(i.HAL_PWREx_ControlVoltageScaling) for HAL_PWREx_ControlVoltageScaling
    main.o(i.main) refers to stm32g4xx_hal_rcc.o(i.HAL_RCC_OscConfig) for HAL_RCC_OscConfig
    main.o(i.main) refers to stm32g4xx_hal_rcc.o(i.HAL_RCC_ClockConfig) for HAL_RCC_ClockConfig
    main.o(i.main) refers to gpio.o(i.MX_GPIO_Init) for MX_GPIO_Init
    main.o(i.main) refers to fdcan.o(i.MX_FDCAN1_Init) for MX_FDCAN1_Init
    main.o(i.main) refers to fdcan.o(i.MX_FDCAN2_Init) for MX_FDCAN2_Init
    main.o(i.main) refers to fdcan.o(i.MX_FDCAN3_Init) for MX_FDCAN3_Init
    main.o(i.main) refers to tim.o(i.MX_TIM6_Init) for MX_TIM6_Init
    main.o(i.main) refers to tim.o(i.MX_TIM7_Init) for MX_TIM7_Init
    main.o(i.main) refers to usart.o(i.MX_USART1_UART_Init) for MX_USART1_UART_Init
    main.o(i.main) refers to spi.o(i.MX_SPI2_Init) for MX_SPI2_Init
    main.o(i.main) refers to cmsis_os2.o(i.osKernelInitialize) for osKernelInitialize
    main.o(i.main) refers to app_freertos.o(i.MX_FREERTOS_Init) for MX_FREERTOS_Init
    main.o(i.main) refers to cmsis_os2.o(i.osKernelStart) for osKernelStart
    app_freertos.o(i.MX_FREERTOS_Init) refers to cmsis_os2.o(i.osThreadNew) for osThreadNew
    app_freertos.o(i.MX_FREERTOS_Init) refers to app_freertos.o(.constdata) for .constdata
    app_freertos.o(i.MX_FREERTOS_Init) refers to app_freertos.o(i.StartDefaultTask) for StartDefaultTask
    app_freertos.o(i.MX_FREERTOS_Init) refers to app_freertos.o(.data) for .data
    app_freertos.o(i.StartDefaultTask) refers to cmsis_os2.o(i.osDelay) for osDelay
    app_freertos.o(.constdata) refers to app_freertos.o(.conststring) for .conststring
    fdcan.o(i.HAL_FDCAN_MspDeInit) refers to stm32g4xx_hal_gpio.o(i.HAL_GPIO_DeInit) for HAL_GPIO_DeInit
    fdcan.o(i.HAL_FDCAN_MspDeInit) refers to stm32g4xx_hal_cortex.o(i.HAL_NVIC_DisableIRQ) for HAL_NVIC_DisableIRQ
    fdcan.o(i.HAL_FDCAN_MspDeInit) refers to fdcan.o(.data) for .data
[...]
    i.HAL_Init                               0x08000e00   Section        0  stm32g4xx_hal.o(i.HAL_Init)
    i.HAL_InitTick                           0x08000e20   Section        0  stm32g4xx_hal_timebase_tim.o(i.HAL_InitTick)
    i.HAL_MspInit                            0x08000ea8   Section        0  stm32g4xx_hal_msp.o(i.HAL_MspInit)
    i.HAL_NVIC_EnableIRQ                     0x08000ee4   Section        0  stm32g4xx_hal_cortex.o(i.HAL_NVIC_EnableIRQ)
    i.HAL_NVIC_SetPriority                   0x08000f04   Section        0  stm32g4xx_hal_cortex.o(i.HAL_NVIC_SetPriority)
    i.HAL_NVIC_SetPriorityGrouping           0x08000f68   Section        0  stm32g4xx_hal_cortex.o(i.HAL_NVIC_SetPriorityGrouping)
    i.HAL_PWREx_ControlVoltageScaling        0x08000f8c   Section        0  stm32g4xx_hal_pwr_ex.o(i.HAL_PWREx_ControlVoltageScaling)
    i.HAL_PWREx_DisableUCPDDeadBattery       0x0800104c   Section        0  stm32g4xx_hal_pwr_ex.o(i.HAL_PWREx_DisableUCPDDeadBattery)
    i.HAL_RCCEx_PeriphCLKConfig              0x0800105c   Section        0  stm32g4xx_hal_rcc_ex.o(i.HAL_RCCEx_PeriphCLKConfig)
    i.HAL_RCC_ClockConfig                    0x080013a0   Section        0  stm32g4xx_hal_rcc.o(i.HAL_RCC_ClockConfig)
    i.HAL_RCC_GetClockConfig                 0x080015a8   Section        0  stm32g4xx_hal_rcc.o(i.HAL_RCC_GetClockConfig)
    i.HAL_RCC_GetPCLK1Freq                   0x080015e8   Section        0  stm32g4xx_hal_rcc.o(i.HAL_RCC_GetPCLK1Freq)
    i.HAL_RCC_GetPCLK2Freq                   0x0800160c   Section        0  stm32g4xx_hal_rcc.o(i.HAL_RCC_GetPCLK2Freq)
    i.HAL_RCC_GetSysClockFreq                0x08001630   Section        0  stm32g4xx_hal_rcc.o(i.HAL_RCC_GetSysClockFreq)
    i.HAL_RCC_OscConfig                      0x080016a0   Section        0  stm32g4xx_hal_rcc.o(i.HAL_RCC_OscConfig)
    i.HAL_SPI_Init                           0x08001b64   Section        0  stm32g4xx_hal_spi.o(i.HAL_SPI_Init)
    i.HAL_SPI_MspInit                        0x08001c6c   Section        0  spi.o(i.HAL_SPI_MspInit)
    i.HAL_TIMEx_Break2Callback               0x08001cfc   Section        0  stm32g4xx_hal_tim_ex.o(i.HAL_TIMEx_Break2Callback)
    i.HAL_TIMEx_BreakCallback                0x08001cfe   Section        0  stm32g4xx_hal_tim_ex.o(i.HAL_TIMEx_BreakCallback)
    i.HAL_TIMEx_CommutCallback               0x08001d00   Section        0  stm32g4xx_hal_tim_ex.o(i.HAL_TIMEx_CommutCallback)
    i.HAL_TIMEx_DirectionChangeCallback      0x08001d02   Section        0  stm32g4xx_hal_tim_ex.o(i.HAL_TIMEx_DirectionChangeCallback)
    i.HAL_TIMEx_EncoderIndexCallback         0x08001d04   Section        0  stm32g4xx_hal_tim_ex.o(i.HAL_TIMEx_EncoderIndexCallback)
    i.HAL_TIMEx_IndexErrorCallback           0x08001d06   Section        0  stm32g4xx_hal_tim_ex.o(i.HAL_TIMEx_IndexErrorCallback)
    i.HAL_TIMEx_MasterConfigSynchronization  0x08001d08   Section        0  stm32g4xx_hal_tim_ex.o(i.HAL_TIMEx_MasterConfigSynchronization)
    i.HAL_TIMEx_TransitionErrorCallback      0x08001dc4   Section        0  stm32g4xx_hal_tim_ex.o(i.HAL_TIMEx_TransitionErrorCallback)
    i.HAL_TIM_Base_Init                      0x08001dc6   Section        0  stm32g4xx_hal_tim.o(i.HAL_TIM_Base_Init)
    i.HAL_TIM_Base_MspInit                   0x08001e28   Section        0  tim.o(i.HAL_TIM_Base_MspInit)
    i.HAL_TIM_Base_Start_IT                  0x08001e90   Section        0  stm32g4xx_hal_tim.o(i.HAL_TIM_Base_Start_IT)
    i.HAL_TIM_IC_CaptureCallback             0x08001f1c   Section        0  stm32g4xx_hal_tim.o(i.HAL_TIM_IC_CaptureCallback)
    i.HAL_TIM_IRQHandler                     0x08001f1e   Section        0  stm32g4xx_hal_tim.o(i.HAL_TIM_IRQHandler)
    i.HAL_TIM_OC_DelayElapsedCallback        0x080020f4   Section        0  stm32g4xx_hal_tim.o(i.HAL_TIM_OC_DelayElapsedCallback)
    i.HAL_TIM_PWM_PulseFinishedCallback      0x080020f6   Section        0  stm32g4xx_hal_tim.o(i.HAL_TIM_PWM_PulseFinishedCallback)
    i.HAL_TIM_PeriodElapsedCallback          0x080020f8   Section        0  main.o(i.HAL_TIM_PeriodElapsedCallback)
    i.HAL_TIM_TriggerCallback                0x08002106   Section        0  stm32g4xx_hal_tim.o(i.HAL_TIM_TriggerCallback)
    i.HAL_UARTEx_DisableFifoMode             0x08002108   Section        0  stm32g4xx_hal_uart_ex.o(i.HAL_UARTEx_DisableFifoMode)
    i.HAL_UARTEx_SetRxFifoThreshold          0x08002148   Section        0  stm32g4xx_hal_uart_ex.o(i.HAL_UARTEx_SetRxFifoThreshold)
    i.HAL_UARTEx_SetTxFifoThreshold          0x080021d4   Section        0  stm32g4xx_hal_uart_ex.o(i.HAL_UARTEx_SetTxFifoThreshold)
    i.HAL_UART_Init                          0x08002260   Section        0  stm32g4xx_hal_uart.o(i.HAL_UART_Init)
    i.HAL_UART_MspInit                       0x080022d0   Section        0  usart.o(i.HAL_UART_MspInit)
    i.HardFault_Handler                      0x08002354   Section        0  stm32g4xx_it.o(i.HardFault_Handler)
    i.MX_FDCAN1_Init                         0x08002358   Section        0  fdcan.o(i.MX_FDCAN1_Init)
    i.MX_FDCAN2_Init                         0x080023ac   Section        0  fdcan.o(i.MX_FDCAN2_Init)
    i.MX_FDCAN3_Init                         0x08002400   Section        0  fdcan.o(i.MX_FDCAN3_Init)
    i.MX_FREERTOS_Init                       0x08002454   Section        0  app_freertos.o(i.MX_FREERTOS_Init)
    i.MX_GPIO_Init                           0x08002474   Section        0  gpio.o(i.MX_GPIO_Init)
    i.MX_SPI2_Init                           0x080024c0   Section        0  spi.o(i.MX_SPI2_Init)
    i.MX_TIM6_Init                           0x08002510   Section        0  tim.o(i.MX_TIM6_Init)
    i.MX_TIM7_Init                           0x0800255c   Section        0  tim.o(i.MX_TIM7_Init)
    i.MX_USART1_UART_Init                    0x080025a8   Section        0  usart.o(i.MX_USART1_UART_Init)
    i.MemManage_Handler                      0x08002614   Section        0  stm32g4xx_it.o(i.MemManage_Handler)
    i.NMI_Handler                            0x08002616   Section        0  stm32g4xx_it.o(i.NMI_Handler)
    i.StartDefaultTask                       0x08002618   Section        0  app_freertos.o(i.StartDefaultTask)
    i.SysTick_Handler                        0x08002620   Section        0  cmsis_os2.o(i.SysTick_Handler)
    i.SystemInit                             0x0800263c   Section        0  system_stm32g4xx.o(i.SystemInit)
    i.TIM2_IRQHandler                        0x0800264c   Section        0  stm32g4xx_it.o(i.TIM2_IRQHandler)
    i.TIM6_DAC_IRQHandler                    0x08002658   Section        0  stm32g4xx_it.o(i.TIM6_DAC_IRQHandler)
    i.TIM7_DAC_IRQHandler                    0x08002664   Section        0  stm32g4xx_it.o(i.TIM7_DAC_IRQHandler)
    i.TIM_Base_SetConfig                     0x08002670   Section        0  stm32g4xx_hal_tim.o(i.TIM_Base_SetConfig)
    i.UART_AdvFeatureConfig                  0x08002764   Section        0  stm32g4xx_hal_uart.o(i.UART_AdvFeatureConfig)
    i.UART_CheckIdleState                    0x0800283e   Section        0  stm32g4xx_hal_uart.o(i.UART_CheckIdleState)
    i.UART_SetConfig                         0x080028fc   Section        0  stm32g4xx_hal_uart.o(i.UART_SetConfig)
    i.UART_WaitOnFlagUntilTimeout            0x08002ba8   Section        0  stm32g4xx_hal_uart.o(i.UART_WaitOnFlagUntilTimeout)
    i.UsageFault_Handler                     0x08002cfa   Section        0  stm32g4xx_it.o(i.UsageFault_Handler)
    i.main                                   0x08002cfc   Section        0  main.o(i.main)
    i.osDelay                                0x08002da2   Section        0  cmsis_os2.o(i.osDelay)
    i.osKernelInitialize                     0x08002dc0   Section        0  cmsis_os2.o(i.osKernelInitialize)
    i.osKernelStart                          0x08002de8   Section        0  cmsis_os2.o(i.osKernelStart)
    i.osThreadNew                            0x08002e24   Section        0  cmsis_os2.o(i.osThreadNew)
    i.prvAddCurrentTaskToDelayedList         0x08002ec0   Section        0  tasks.o(i.prvAddCurrentTaskToDelayedList)
    prvAddCurrentTaskToDelayedList           0x08002ec1   Thumb Code    86  tasks.o(i.prvAddCurrentTaskToDelayedList)
    i.prvAddNewTaskToReadyList               0x08002f20   Section        0  tasks.o(i.prvAddNewTaskToReadyList)
    prvAddNewTaskToReadyList                 0x08002f21   Thumb Code   198  tasks.o(i.prvAddNewTaskToReadyList)
    i.prvIdleTask                            0x08003008   Section        0  tasks.o(i.prvIdleTask)
    prvIdleTask                              0x08003009   Thumb Code   126  tasks.o(i.prvIdleTask)
    i.prvSampleTimeNow                       0x08003094   Section        0  timers.o(i.prvSampleTimeNow)
    prvSampleTimeNow                         0x08003095   Thumb Code   202  timers.o(i.prvSampleTimeNow)
    i.prvTaskExitError                       0x08003164   Section        0  port.o(i.prvTaskExitError)
    prvTaskExitError                         0x08003165   Thumb Code    38  port.o(i.prvTaskExitError)
    i.prvTimerTask                           0x08003190   Section        0  timers.o(i.prvTimerTask)
    prvTimerTask                             0x08003191   Thumb Code   760  timers.o(i.prvTimerTask)
    i.prvUnlockQueue                         0x08003490   Section        0  queue.o(i.prvUnlockQueue)
    prvUnlockQueue                           0x08003491   Thumb Code   108  queue.o(i.prvUnlockQueue)
    i.pvPortMalloc                           0x080034fc   Section        0  heap_4.o(i.pvPortMalloc)
    i.pxPortInitialiseStack                  0x0800368c   Section        0  port.o(i.pxPortInitialiseStack)
    i.uxListRemove                           0x080036b8   Section        0  list.o(i.uxListRemove)
    i.vApplicationGetIdleTaskMemory          0x080036e0   Section        0  cmsis_os2.o(i.vApplicationGetIdleTaskMemory)
    i.vApplicationGetTimerTaskMemory         0x080036f4   Section        0  cmsis_os2.o(i.vApplicationGetTimerTaskMemory)
    i.vListInitialise                        0x0800370c   Section        0  list.o(i.vListInitialise)
    i.vListInitialiseItem                    0x08003722   Section        0  list.o(i.vListInitialiseItem)
    i.vListInsert                            0x08003728   Section        0  list.o(i.vListInsert)
    i.vListInsertEnd                         0x08003762   Section        0  list.o(i.vListInsertEnd)
    i.vPortEnterCritical                     0x0800377c   Section        0  port.o(i.vPortEnterCritical)
    i.vPortExitCritical                      0x080037bc   Section        0  port.o(i.vPortExitCritical)
    i.vPortFree                              0x080037e8   Section        0  heap_4.o(i.vPortFree)
    i.vPortSetupTimerInterrupt               0x08003890   Section        0  port.o(i.vPortSetupTimerInterrupt)
    i.vPortValidateInterruptPriority         0x080038b4   Section        0  port.o(i.vPortValidateInterruptPriority)
    i.vQueueAddToRegistry                    0x08003908   Section        0  queue.o(i.vQueueAddToRegistry)
    i.vQueueWaitForMessageRestricted         0x08003930   Section        0  queue.o(i.vQueueWaitForMessageRestricted)
    i.vTaskDelay                             0x0800397c   Section        0  tasks.o(i.vTaskDelay)
    i.vTaskInternalSetTimeOutState           0x080039c8   Section        0  tasks.o(i.vTaskInternalSetTimeOutState)
    i.vTaskMissedYield                       0x080039d8   Section        0  tasks.o(i.vTaskMissedYield)
    i.vTaskPlaceOnEventList                  0x080039e4   Section        0  tasks.o(i.vTaskPlaceOnEventList)
    i.vTaskPlaceOnEventListRestricted        0x08003a18   Section        0  tasks.o(i.vTaskPlaceOnEventListRestricted)
    i.vTaskStartScheduler                    0x08003a54   Section        0  tasks.o(i.vTaskStartScheduler)
    i.vTaskSuspendAll                        0x08003ae0   Section        0  tasks.o(i.vTaskSuspendAll)
    i.vTaskSwitchContext                     0x08003af0   Section        0  tasks.o(i.vTaskSwitchContext)
    i.xPortStartScheduler                    0x08003b5c   Section        0  port.o(i.xPortStartScheduler)
    i.xPortSysTickHandler                    0x08003c60   Section        0  port.o(i.xPortSysTickHandler)
    i.xQueueGenericCreateStatic              0x08003c8c   Section        0  queue.o(i.xQueueGenericCreateStatic)
    i.xQueueGenericSend                      0x08003d44   Section        0  queue.o(i.xQueueGenericSend)
    i.xQueueGenericSendFromISR               0x08003f18   Section        0  queue.o(i.xQueueGenericSendFromISR)
    i.xQueueReceive                          0x08004034   Section        0  queue.o(i.xQueueReceive)
    i.xTaskCheckForTimeOut                   0x0800418c   Section        0  tasks.o(i.xTaskCheckForTimeOut)
    i.xTaskCreate                            0x0800420c   Section        0  tasks.o(i.xTaskCreate)
    i.xTaskCreateStatic                      0x080042ce   Section        0  tasks.o(i.xTaskCreateStatic)
    i.xTaskGetSchedulerState                 0x080043ac   Section        0  tasks.o(i.xTaskGetSchedulerState)
    i.xTaskGetTickCount                      0x080043c8   Section        0  tasks.o(i.xTaskGetTickCount)
    i.xTaskIncrementTick                     0x080043d4   Section        0  tasks.o(i.xTaskIncrementTick)
    i.xTaskPriorityDisinherit                0x080044b8   Section        0  tasks.o(i.xTaskPriorityDisinherit)
    i.xTaskRemoveFromEventList               0x0800453c   Section        0  tasks.o(i.xTaskRemoveFromEventList)
    i.xTaskResumeAll                         0x080045b0   Section        0  tasks.o(i.xTaskResumeAll)
    i.xTimerCreateTimerTask                  0x0800476c   Section        0  timers.o(i.xTimerCreateTimerTask)
    i.xTimerGenericCommand                   0x08004818   Section        0  timers.o(i.xTimerGenericCommand)
    x$fpl$fpinit                             0x08004890   Section       10  fpinit.o(x$fpl$fpinit)
    $v0                                      0x08004890   Number         0  fpinit.o(x$fpl$fpinit)
    .constdata                               0x0800489c   Section       36  app_freertos.o(.constdata)
    .constdata                               0x080048c0   Section       24  stm32g4xx_hal_uart.o(.constdata)
    .constdata                               0x080048d8   Section       16  stm32g4xx_hal_uart_ex.o(.constdata)
    numerator                                0x080048d8   Data           8  stm32g4xx_hal_uart_ex.o(.constdata)
    denominator                              0x080048e0   Data           8  stm32g4xx_hal_uart_ex.o(.constdata)
    .constdata                               0x080048e8   Section       16  system_stm32g4xx.o(.constdata)
    .constdata                               0x080048f8   Section        8  system_stm32g4xx.o(.constdata)
    .conststring                             0x08004900   Section       12  app_freertos.o(.conststring)
    .data                                    0x20000000   Section        4  app_freertos.o(.data)
    .data                                    0x20000004   Section        4  fdcan.o(.data)
    HAL_RCC_FDCAN_CLK_ENABLED                0x20000004   Data           4  fdcan.o(.data)
    .data                                    0x20000008   Section       12  stm32g4xx_hal.o(.data)
    .data                                    0x20000014   Section        4  system_stm32g4xx.o(.data)
    .data                                    0x20000018   Section       60  tasks.o(.data)
    uxDeletedTasksWaitingCleanUp             0x2000001c   Data           4  tasks.o(.data)
    uxCurrentNumberOfTasks                   0x20000020   Data           4  tasks.o(.data)
    xTickCount                               0x20000024   Data           4  tasks.o(.data)
    uxTopReadyPriority                       0x20000028   Data           4  tasks.o(.data)
    xSchedulerRunning                        0x2000002c   Data           4  tasks.o(.data)
    xPendedTicks                             0x20000030   Data           4  tasks.o(.data)
    xYieldPending                            0x20000034   Data           4  tasks.o(.data)
    xNumOfOverflows                          0x20000038   Data           4  tasks.o(.data)
    uxTaskNumber                             0x2000003c   Data           4  tasks.o(.data)
    xNextTaskUnblockTime                     0x20000040   Data           4  tasks.o(.data)
    xIdleTaskHandle                          0x20000044   Data           4  tasks.o(.data)
    uxSchedulerSuspended                     0x20000048   Data           4  tasks.o(.data)
    pxDelayedTaskList                        0x2000004c   Data           4  tasks.o(.data)
    pxOverflowDelayedTaskList                0x20000050   Data           4  tasks.o(.data)
    .data                                    0x20000054   Section       20  timers.o(.data)
    xTimerQueue                              0x20000054   Data           4  timers.o(.data)
    xTimerTaskHandle                         0x20000058   Data           4  timers.o(.data)
    xLastTime                                0x2000005c   Data           4  timers.o(.data)
    pxCurrentTimerList                       0x20000060   Data           4  timers.o(.data)
    pxOverflowTimerList                      0x20000064   Data           4  timers.o(.data)
    .data                                    0x20000068   Section        4  cmsis_os2.o(.data)
    KernelState                              0x20000068   Data           4  cmsis_os2.o(.data)
    .data                                    0x2000006c   Section       32  heap_4.o(.data)
    pxEnd                                    0x2000006c   Data           4  heap_4.o(.data)
    xFreeBytesRemaining                      0x20000070   Data           4  heap_4.o(.data)
    xMinimumEverFreeBytesRemaining           0x20000074   Data           4  heap_4.o(.data)
    xNumberOfSuccessfulAllocations           0x20000078   Data           4  heap_4.o(.data)
    xNumberOfSuccessfulFrees                 0x2000007c   Data           4  heap_4.o(.data)
    xBlockAllocatedBit                       0x20000080   Data           4  heap_4.o(.data)
    xStart                                   0x20000084   Data           8  heap_4.o(.data)
    .data                                    0x2000008c   Section       12  port.o(.data)
    ucMaxSysCallPriority                     0x2000008c   Data           1  port.o(.data)
    uxCriticalNesting                        0x20000090   Data           4  port.o(.data)
    ulMaxPRIGROUPValue                       0x20000094   Data           4  port.o(.data)
    .bss                                     0x20000098   Section      300  fdcan.o(.bss)
    .bss                                     0x200001c4   Section      100  spi.o(.bss)
    .bss                                     0x20000228   Section      152  tim.o(.bss)
    .bss                                     0x200002c0   Section      148  usart.o(.bss)
    .bss                                     0x20000354   Section       76  stm32g4xx_hal_timebase_tim.o(.bss)
    .bss                                     0x200003a0   Section       64  queue.o(.bss)
    .bss                                     0x200003e0   Section     1220  tasks.o(.bss)
    pxReadyTasksLists                        0x200003e0   Data        1120  tasks.o(.bss)
    xDelayedTaskList1                        0x20000840   Data          20  tasks.o(.bss)
    xDelayedTaskList2                        0x20000854   Data          20  tasks.o(.bss)
    xPendingReadyList                        0x20000868   Data          20  tasks.o(.bss)
    xTasksWaitingTermination                 0x2000087c   Data          20  tasks.o(.bss)
    xSuspendedTaskList                       0x20000890   Data          20  tasks.o(.bss)
    .bss                                     0x200008a4   Section      280  timers.o(.bss)
    xStaticTimerQueue                        0x200008a4   Data          80  timers.o(.bss)
    ucStaticTimerQueueStorage                0x200008f4   Data         160  timers.o(.bss)
    xActiveTimerList1                        0x20000994   Data          20  timers.o(.bss)
    xActiveTimerList2                        0x200009a8   Data          20  timers.o(.bss)
    .bss                                     0x200009bc   Section     1720  cmsis_os2.o(.bss)
    Idle_TCB                                 0x200009bc   Data          92  cmsis_os2.o(.bss)
    Idle_Stack                               0x20000a18   Data         512  cmsis_os2.o(.bss)
    Timer_TCB                                0x20000c18   Data          92  cmsis_os2.o(.bss)
    Timer_Stack                              0x20000c74   Data        1024  cmsis_os2.o(.bss)
    .bss                                     0x20001074   Section     3072  heap_4.o(.bss)
    ucHeap                                   0x20001074   Data        3072  heap_4.o(.bss)
    .bss                                     0x20001c74   Section       96  libspace.o(.bss)
    HEAP                                     0x20001cd8   Section      512  startup_stm32g474xx.o(HEAP)
    Heap_Mem                                 0x20001cd8   Data         512  startup_stm32g474xx.o(HEAP)
    STACK                                    0x20001ed8   Section     1024  startup_stm32g474xx.o(STACK)
    Stack_Mem                                0x20001ed8   Data        1024  startup_stm32g474xx.o(STACK)
    __initial_sp                             0x200022d8   Data           0  startup_stm32g474xx.o(STACK)

    Global Symbols

    Symbol Name                              Value     Ov Type        Size  Object(Section)

    BuildAttributes$$THM_ISAv4$E$P$D$K$B$S$7EM$VFPi3$EXTD16$VFPS$VFMA$PE$A:L22UL41UL21$X:L11$S22US41US21$IEEE1$IW$USESV6$~STKCKD$USESV7$~SHL$OTIME$ROPI$EBA8$UX$STANDARDLIB$REQ8$PRES8$EABIv2 0x00000000   Number         0  anon$$obj.o ABSOLUTE
    __ARM_use_no_argv                        0x00000000   Number         0  main.o ABSOLUTE
    __ARM_exceptions_init                     - Undefined Weak Reference
    __alloca_initialize                       - Undefined Weak Reference
    __arm_preinit_                            - Undefined Weak Reference
    __cpp_initialize__aeabi_                  - Undefined Weak Reference
    __cxa_finalize                            - Undefined Weak Reference
    __rt_locale                               - Undefined Weak Reference
    __sigvec_lookup                           - Undefined Weak Reference
    _atexit_init                              - Undefined Weak Reference
    _call_atexit_fns                          - Undefined Weak Reference
    _clock_init                               - Undefined Weak Reference
    _fp_trap_init                             - Undefined Weak Reference
    _fp_trap_shutdown                         - Undefined Weak Reference
    _get_lc_collate                           - Undefined Weak Reference
    _get_lc_ctype                             - Undefined Weak Reference
    _get_lc_monetary                          - Undefined Weak Reference
    _get_lc_numeric                           - Undefined Weak Reference
    _get_lc_time                              - Undefined Weak Reference
    _getenv_init                              - Undefined Weak Reference
    _handle_redirection                       - Undefined Weak Reference
    _init_alloc                               - Undefined Weak Reference
    _init_user_alloc                          - Undefined Weak Reference
    _initio                                   - Undefined Weak Reference
    _rand_init                                - Undefined Weak Reference
    _signal_finish                            - Undefined Weak Reference
    _signal_init                              - Undefined Weak Reference
    _terminate_alloc                          - Undefined Weak Reference
    _terminate_user_alloc                     - Undefined Weak Reference
    _terminateio                              - Undefined Weak Reference
    __Vectors_Size                           0x000001d8   Number         0  startup_stm32g474xx.o ABSOLUTE
    __Vectors                                0x08000000   Data           4  startup_stm32g474xx.o(RESET)
    __Vectors_End                            0x080001d8   Data           0  startup_stm32g474xx.o(RESET)
    __main                                   0x080001d9   Thumb Code     8  __main.o(!!!main)
    __scatterload                            0x080001e1   Thumb Code     0  __scatter.o(!!!scatter)
    __scatterload_rt2                        0x080001e1   Thumb Code    44  __scatter.o(!!!scatter)
    __scatterload_rt2_thumb_only             0x080001e1   Thumb Code     0  __scatter.o(!!!scatter)
    __scatterload_null                       0x080001ef   Thumb Code     0  __scatter.o(!!!scatter)
    __scatterload_copy                       0x08000215   Thumb Code    26  __scatter_copy.o(!!handler_copy)
    __scatterload_zeroinit                   0x08000231   Thumb Code    28  __scatter_zi.o(!!handler_zi)
    __rt_lib_init                            0x0800024d   Thumb Code     0  libinit.o(.ARM.Collect$$libinit$$00000000)
    __rt_lib_init_fp_1                       0x0800024f   Thumb Code     0  libinit2.o(.ARM.Collect$$libinit$$00000001)
    __rt_lib_init_alloca_1                   0x08000253   Thumb Code     0  libinit2.o(.ARM.Collect$$libinit$$0000002E)
    __rt_lib_init_argv_1                     0x08000253   Thumb Code     0  libinit2.o(.ARM.Collect$$libinit$$0000002C)
    __rt_lib_init_atexit_1                   0x08000253   Thumb Code     0  libinit2.o(.ARM.Collect$$libinit$$0000001B)
    __rt_lib_init_clock_1                    0x08000253   Thumb Code     0  libinit2.o(.ARM.Collect$$libinit$$00000021)
    __rt_lib_init_cpp_1                      0x08000253   Thumb Code     0  libinit2.o(.ARM.Collect$$libinit$$00000032)
    __rt_lib_init_exceptions_1               0x08000253   Thumb Code     0  libinit2.o(.ARM.Collect$$libinit$$00000030)
    __rt_lib_init_fp_trap_1                  0x08000253   Thumb Code     0  libinit2.o(.ARM.Collect$$libinit$$0000001F)
    __rt_lib_init_getenv_1                   0x08000253   Thumb Code     0  libinit2.o(.ARM.Collect$$libinit$$00000023)
    __rt_lib_init_heap_1                     0x08000253   Thumb Code     0  libinit2.o(.ARM.Collect$$libinit$$0000000A)
    __rt_lib_init_lc_collate_1               0x08000253   Thumb Code     0  libinit2.o(.ARM.Collect$$libinit$$00000011)
    __rt_lib_init_lc_ctype_1                 0x08000253   Thumb Code     0  libinit2.o(.ARM.Collect$$libinit$$00000013)
    __rt_lib_init_lc_monetary_1              0x08000253   Thumb Code     0  libinit2.o(.ARM.Collect$$libinit$$00000015)
    __rt_lib_init_lc_numeric_1               0x08000253   Thumb Code     0  libinit2.o(.ARM.Collect$$libinit$$00000017)
    __rt_lib_init_lc_time_1                  0x08000253   Thumb Code     0  libinit2.o(.ARM.Collect$$libinit$$00000019)
    __rt_lib_init_preinit_1                  0x08000253   Thumb Code     0  libinit2.o(.ARM.Collect$$libinit$$00000004)
    __rt_lib_init_rand_1                     0x08000253   Thumb Code     0  libinit2.o(.ARM.Collect$$libinit$$0000000E)
    __rt_lib_init_return                     0x08000253   Thumb Code     0  libinit2.o(.ARM.Collect$$libinit$$00000033)
    __rt_lib_init_signal_1                   0x08000253   Thumb Code     0  libinit2.o(.ARM.Collect$$libinit$$0000001D)
    __rt_lib_init_stdio_1                    0x08000253   Thumb Code     0  libinit2.o(.ARM.Collect$$libinit$$00000025)
    __rt_lib_init_user_alloc_1               0x08000253   Thumb Code     0  libinit2.o(.ARM.Collect$$libinit$$0000000C)
    __rt_lib_shutdown                        0x08000255   Thumb Code     0  libshutdown.o(.ARM.Collect$$libshutdown$$00000000)
    __rt_lib_shutdown_cpp_1                  0x08000257   Thumb Code     0  libshutdown2.o(.ARM.Collect$$libshutdown$$00000002)
    __rt_lib_shutdown_fp_trap_1              0x08000257   Thumb Code     0  libshutdown2.o(.ARM.Collect$$libshutdown$$00000007)
    __rt_lib_shutdown_heap_1                 0x08000257   Thumb Code     0  libshutdown2.o(.ARM.Collect$$libshutdown$$0000000F)
    __rt_lib_shutdown_return                 0x08000257   Thumb Code     0  libshutdown2.o(.ARM.Collect$$libshutdown$$00000010)
    __rt_lib_shutdown_signal_1               0x08000257   Thumb Code     0  libshutdown2.o(.ARM.Collect$$libshutdown$$0000000A)
    __rt_lib_shutdown_stdio_1                0x08000257   Thumb Code     0  libshutdown2.o(.ARM.Collect$$libshutdown$$00000004)
    __rt_lib_shutdown_user_alloc_1           0x08000257   Thumb Code     0  libshutdown2.o(.ARM.Collect$$libshutdown$$0000000C)
    __rt_entry                               0x08000259   Thumb Code     0  __rtentry.o(.ARM.Collect$$rtentry$$00000000)
    __rt_entry_presh_1                       0x08000259   Thumb Code     0  __rtentry2.o(.ARM.Collect$$rtentry$$00000002)
    __rt_entry_sh                            0x08000259   Thumb Code     0  __rtentry4.o(.ARM.Collect$$rtentry$$00000004)
    __rt_entry_li                            0x0800025f   Thumb Code     0  __rtentry2.o(.ARM.Collect$$rtentry$$0000000A)
    __rt_entry_postsh_1                      0x0800025f   Thumb Code     0  __rtentry2.o(.ARM.Collect$$rtentry$$00000009)
    __rt_entry_main                          0x08000263   Thumb Code     0  __rtentry2.o(.ARM.Collect$$rtentry$$0000000D)
    __rt_entry_postli_1                      0x08000263   Thumb Code     0  __rtentry2.o(.ARM.Collect$$rtentry$$0000000C)
    __rt_exit                                0x0800026b   Thumb Code     0  rtexit.o(.ARM.Collect$$rtexit$$00000000)
    __rt_exit_ls                             0x0800026d   Thumb Code     0  rtexit2.o(.ARM.Collect$$rtexit$$00000003)
    __rt_exit_prels_1                        0x0800026d   Thumb Code     0  rtexit2.o(.ARM.Collect$$rtexit$$00000002)
    __rt_exit_exit                           0x08000271   Thumb Code     0  rtexit2.o(.ARM.Collect$$rtexit$$00000004)
    SVC_Handler                              0x08000279   Thumb Code    28  port.o(.emb_text)
    __asm___6_port_c_39a90d8d__prvStartFirstTask 0x08000299   Thumb Code    36  port.o(.emb_text)
    __asm___6_port_c_39a90d8d__prvEnableVFP  0x080002c1   Thumb Code    16  port.o(.emb_text)
    PendSV_Handler                           0x080002d5   Thumb Code    88  port.o(.emb_text)
    vPortGetIPSR                             0x08000331   Thumb Code     6  port.o(.emb_text)
    Reset_Handler                            0x08000339   Thumb Code     8  startup_stm32g474xx.o(.text)
    ADC1_2_IRQHandler                        0x08000353   Thumb Code     0  startup_stm32g474xx.o(.text)
    ADC3_IRQHandler                          0x08000353   Thumb Code     0  startup_stm32g474xx.o(.text)
    ADC4_IRQHandler                          0x08000353   Thumb Code     0  startup_stm32g474xx.o(.text)
    ADC5_IRQHandler                          0x08000353   Thumb Code     0  startup_stm32g474xx.o(.text)
    COMP1_2_3_IRQHandler                     0x08000353   Thumb Code     0  startup_stm32g474xx.o(.text)
    COMP4_5_6_IRQHandler                     0x08000353   Thumb Code     0  startup_stm32g474xx.o(.text)
    COMP7_IRQHandler                         0x08000353   Thumb Code     0  startup_stm32g474xx.o(.text)
    CORDIC_IRQHandler                        0x08000353   Thumb Code     0  startup_stm32g474xx.o(.text)
    CRS_IRQHandler                           0x08000353   Thumb Code     0  startup_stm32g474xx.o(.text)
    DMA1_Channel1_IRQHandler                 0x08000353   Thumb Code     0  startup_stm32g474xx.o(.text)
    DMA1_Channel2_IRQHandler                 0x08000353   Thumb Code     0  startup_stm32g474xx.o(.text)
    DMA1_Channel3_IRQHandler                 0x08000353   Thumb Code     0  startup_stm32g474xx.o(.text)
    DMA1_Channel4_IRQHandler                 0x08000353   Thumb Code     0  startup_stm32g474xx.o(.text)
    DMA1_Channel5_IRQHandler                 0x08000353   Thumb Code     0  startup_stm32g474xx.o(.text)
    DMA1_Channel6_IRQHandler                 0x08000353   Thumb Code     0  startup_stm32g474xx.o(.text)
    DMA1_Channel7_IRQHandler                 0x08000353   Thumb Code     0  startup_stm32g474xx.o(.text)
    DMA1_Channel8_IRQHandler                 0x08000353   Thumb Code     0  startup_stm32g474xx.o(.text)
    DMA2_Channel1_IRQHandler                 0x08000353   Thumb Code     0  startup_stm32g474xx.o(.text)
    DMA2_Channel2_IRQHandler                 0x08000353   Thumb Code     0  startup_stm32g474xx.o(.text)
    DMA2_Channel3_IRQHandler                 0x08000353   Thumb Code     0  startup_stm32g474xx.o(.text)
    DMA2_Channel4_IRQHandler                 0x08000353   Thumb Code     0  startup_stm32g474xx.o(.text)
    DMA2_Channel5_IRQHandler                 0x08000353   Thumb Code     0  startup_stm32g474xx.o(.text)
    DMA2_Channel6_IRQHandler                 0x08000353   Thumb Code     0  startup_stm32g474xx.o(.text)
    DMA2_Channel7_IRQHandler                 0x08000353   Thumb Code     0  startup_stm32g474xx.o(.text)
    DMA2_Channel8_IRQHandler                 0x08000353   Thumb Code     0  startup_stm32g474xx.o(.text)
    DMAMUX_OVR_IRQHandler                    0x08000353   Thumb Code     0  startup_stm32g474xx.o(.text)
    EXTI0_IRQHandler                         0x08000353   Thumb Code     0  startup_stm32g474xx.o(.text)
    EXTI15_10_IRQHandler                     0x08000353   Thumb Code     0  startup_stm32g474xx.o(.text)
    EXTI1_IRQHandler                         0x08000353   Thumb Code     0  startup_stm32g474xx.o(.text)
    EXTI2_IRQHandler                         0x08000353   Thumb Code     0  startup_stm32g474xx.o(.text)
    EXTI3_IRQHandler                         0x08000353   Thumb Code     0  startup_stm32g474xx.o(.text)
    EXTI4_IRQHandler                         0x08000353   Thumb Code     0  startup_stm32g474xx.o(.text)
    EXTI9_5_IRQHandler                       0x08000353   Thumb Code     0  startup_stm32g474xx.o(.text)
    FDCAN1_IT1_IRQHandler                    0x08000353   Thumb Code     0  startup_stm32g474xx.o(.text)
    FDCAN2_IT1_IRQHandler                    0x08000353   Thumb Code     0  startup_stm32g474xx.o(.text)
    FDCAN3_IT1_IRQHandler                    0x08000353   Thumb Code     0  startup_stm32g474xx.o(.text)
    FLASH_IRQHandler                         0x08000353   Thumb Code     0  startup_stm32g474xx.o(.text)
    FMAC_IRQHandler                          0x08000353   Thumb Code     0  startup_stm32g474xx.o(.text)
    FMC_IRQHandler                           0x08000353   Thumb Code     0  startup_stm32g474xx.o(.text)
    FPU_IRQHandler                           0x08000353   Thumb Code     0  startup_stm32g474xx.o(.text)
    HRTIM1_FLT_IRQHandler                    0x08000353   Thumb Code     0  startup_stm32g474xx.o(.text)
    HRTIM1_Master_IRQHandler                 0x08000353   Thumb Code     0  startup_stm32g474xx.o(.text)
    HRTIM1_TIMA_IRQHandler                   0x08000353   Thumb Code     0  startup_stm32g474xx.o(.text)
    HRTIM1_TIMB_IRQHandler                   0x08000353   Thumb Code     0  startup_stm32g474xx.o(.text)
    HRTIM1_TIMC_IRQHandler                   0x08000353   Thumb Code     0  startup_stm32g474xx.o(.text)
    HRTIM1_TIMD_IRQHandler                   0x08000353   Thumb Code     0  startup_stm32g474xx.o(.text)
    HRTIM1_TIME_IRQHandler                   0x08000353   Thumb Code     0  startup_stm32g474xx.o(.text)
    HRTIM1_TIMF_IRQHandler                   0x08000353   Thumb Code     0  startup_stm32g474xx.o(.text)
    I2C1_ER_IRQHandler                       0x08000353   Thumb Code     0  startup_stm32g474xx.o(.text)
    I2C1_EV_IRQHandler                       0x08000353   Thumb Code     0  startup_stm32g474xx.o(.text)
    I2C2_ER_IRQHandler                       0x08000353   Thumb Code     0  startup_stm32g474xx.o(.text)
    I2C2_EV_IRQHandler                       0x08000353   Thumb Code     0  startup_stm32g474xx.o(.text)
    I2C3_ER_IRQHandler                       0x08000353   Thumb Code     0  startup_stm32g474xx.o(.text)
    I2C3_EV_IRQHandler                       0x08000353   Thumb Code     0  startup_stm32g474xx.o(.text)
    I2C4_ER_IRQHandler                       0x08000353   Thumb Code     0  startup_stm32g474xx.o(.text)
    I2C4_EV_IRQHandler                       0x08000353   Thumb Code     0  startup_stm32g474xx.o(.text)
    LPTIM1_IRQHandler                        0x08000353   Thumb Code     0  startup_stm32g474xx.o(.text)
    LPUART1_IRQHandler                       0x08000353   Thumb Code     0  startup_stm32g474xx.o(.text)
    PVD_PVM_IRQHandler                       0x08000353   Thumb Code     0  startup_stm32g474xx.o(.text)
    QUADSPI_IRQHandler                       0x08000353   Thumb Code     0  startup_stm32g474xx.o(.text)
    RCC_IRQHandler                           0x08000353   Thumb Code     0  startup_stm32g474xx.o(.text)
    RNG_IRQHandler                           0x08000353   Thumb Code     0  startup_stm32g474xx.o(.text)
    RTC_Alarm_IRQHandler                     0x08000353   Thumb Code     0  startup_stm32g474xx.o(.text)
    RTC_TAMP_LSECSS_IRQHandler               0x08000353   Thumb Code     0  startup_stm32g474xx.o(.text)
    RTC_WKUP_IRQHandler                      0x08000353   Thumb Code     0  startup_stm32g474xx.o(.text)
    SAI1_IRQHandler                          0x08000353   Thumb Code     0  startup_stm32g474xx.o(.text)
    SPI1_IRQHandler                          0x08000353   Thumb Code     0  startup_stm32g474xx.o(.text)
    SPI2_IRQHandler                          0x08000353   Thumb Code     0  startup_stm32g474xx.o(.text)
    SPI3_IRQHandler                          0x08000353   Thumb Code     0  startup_stm32g474xx.o(.text)
    SPI4_IRQHandler                          0x08000353   Thumb Code     0  startup_stm32g474xx.o(.text)
    TIM1_BRK_TIM15_IRQHandler                0x08000353   Thumb Code     0  startup_stm32g474xx.o(.text)
    TIM1_CC_IRQHandler                       0x08000353   Thumb Code     0  startup_stm32g474xx.o(.text)
    TIM1_TRG_COM_TIM17_IRQHandler            0x08000353   Thumb Code     0  startup_stm32g474xx.o(.text)
    TIM1_UP_TIM16_IRQHandler                 0x08000353   Thumb Code     0  startup_stm32g474xx.o(.text)
    TIM20_BRK_IRQHandler                     0x08000353   Thumb Code     0  startup_stm32g474xx.o(.text)
    TIM20_CC_IRQHandler                      0x08000353   Thumb Code     0  startup_stm32g474xx.o(.text)
    TIM20_TRG_COM_IRQHandler                 0x08000353   Thumb Code     0  startup_stm32g474xx.o(.text)
    TIM20_UP_IRQHandler                      0x08000353   Thumb Code     0  startup_stm32g474xx.o(.text)
    TIM3_IRQHandler                          0x08000353   Thumb Code     0  startup_stm32g474xx.o(.text)
    TIM4_IRQHandler                          0x08000353   Thumb Code     0  startup_stm32g474xx.o(.text)
    TIM5_IRQHandler                          0x08000353   Thumb Code     0  startup_stm32g474xx.o(.text)
    TIM8_BRK_IRQHandler                      0x08000353   Thumb Code     0  startup_stm32g474xx.o(.text)
    TIM8_CC_IRQHandler                       0x08000353   Thumb Code     0  startup_stm32g474xx.o(.text)
    TIM8_TRG_COM_IRQHandler                  0x08000353   Thumb Code     0  startup_stm32g474xx.o(.text)
    TIM8_UP_IRQHandler                       0x08000353   Thumb Code     0  startup_stm32g474xx.o(.text)
    UART4_IRQHandler                         0x08000353   Thumb Code     0  startup_stm32g474xx.o(.text)
    UART5_IRQHandler                         0x08000353   Thumb Code     0  startup_stm32g474xx.o(.text)
    UCPD1_IRQHandler                         0x08000353   Thumb Code     0  startup_stm32g474xx.o(.text)
    USART1_IRQHandler                        0x08000353   Thumb Code     0  startup_stm32g474xx.o(.text)
    USART2_IRQHandler                        0x08000353   Thumb Code     0  startup_stm32g474xx.o(.text)
    USART3_IRQHandler                        0x08000353   Thumb Code     0  startup_stm32g474xx.o(.text)
    USBWakeUp_IRQHandler                     0x08000353   Thumb Code     0  startup_stm32g474xx.o(.text)
    USB_HP_IRQHandler                        0x08000353   Thumb Code     0  startup_stm32g474xx.o(.text)
    USB_LP_IRQHandler                        0x08000353   Thumb Code     0  startup_stm32g474xx.o(.text)
    WWDG_IRQHandler                          0x08000353   Thumb Code     0  startup_stm32g474xx.o(.text)
    __user_initial_stackheap                 0x08000355   Thumb Code     0  startup_stm32g474xx.o(.text)
    __aeabi_uldivmod                         0x08000379   Thumb Code     0  lludivv7m.o(.text)
    _ll_udiv                                 0x08000379   Thumb Code   238  lludivv7m.o(.text)
    __aeabi_memcpy                           0x08000467   Thumb Code     0  rt_memcpy_v6.o(.text)
    __rt_memcpy                              0x08000467   Thumb Code   138  rt_memcpy_v6.o(.text)
    _memcpy_lastbytes                        0x080004cd   Thumb Code     0  rt_memcpy_v6.o(.text)
    __aeabi_memcpy4                          0x080004f1   Thumb Code     0  rt_memcpy_w.o(.text)
    __aeabi_memcpy8                          0x080004f1   Thumb Code     0  rt_memcpy_w.o(.text)
    __rt_memcpy_w                            0x080004f1   Thumb Code   100  rt_memcpy_w.o(.text)
    _memcpy_lastbytes_aligned                0x08000539   Thumb Code     0  rt_memcpy_w.o(.text)
    __aeabi_memset                           0x08000555   Thumb Code    16  aeabi_memset.o(.text)
    __aeabi_memclr4                          0x08000565   Thumb Code     0  rt_memclr_w.o(.text)
    __aeabi_memclr8                          0x08000565   Thumb Code     0  rt_memclr_w.o(.text)
    __rt_memclr_w                            0x08000565   Thumb Code    78  rt_memclr_w.o(.text)
    _memset_w                                0x08000569   Thumb Code     0  rt_memclr_w.o(.text)
    __use_two_region_memory                  0x080005b3   Thumb Code     2  heapauxi.o(.text)
    __rt_heap_escrow$2region                 0x080005b5   Thumb Code     2  heapauxi.o(.text)
    __rt_heap_expand$2region                 0x080005b7   Thumb Code     2  heapauxi.o(.text)
    __aeabi_memclr                           0x080005b9   Thumb Code     0  rt_memclr.o(.text)
    __rt_memclr                              0x080005b9   Thumb Code    68  rt_memclr.o(.text)
    _memset                                  0x080005bd   Thumb Code     0  rt_memclr.o(.text)
    __user_setup_stackheap                   0x080005fd   Thumb Code    74  sys_stackheap_outer.o(.text)
    exit                                     0x08000647   Thumb Code    18  exit.o(.text)
    __user_libspace                          0x08000659   Thumb Code     8  libspace.o(.text)
    __user_perproc_libspace                  0x08000659   Thumb Code     0  libspace.o(.text)
    __user_perthread_libspace                0x08000659   Thumb Code     0  libspace.o(.text)
    _sys_exit                                0x08000661   Thumb Code     8  sys_exit.o(.text)
    __I$use$semihosting                      0x0800066d   Thumb Code     0  use_no_semi.o(.text)
    __use_no_semihosting_swi                 0x0800066d   Thumb Code     2  use_no_semi.o(.text)
    BusFault_Handler                         0x0800066f   Thumb Code     2  stm32g4xx_it.o(i.BusFault_Handler)
    __semihosting_library_function           0x0800066f   Thumb Code     0  indicate_semi.o(.text)
    DebugMon_Handler                         0x08000671   Thumb Code     2  stm32g4xx_it.o(i.DebugMon_Handler)
    Error_Handler                            0x08000673   Thumb Code     4  main.o(i.Error_Handler)
    FDCAN1_IT0_IRQHandler                    0x08000679   Thumb Code     6  stm32g4xx_it.o(i.FDCAN1_IT0_IRQHandler)
    FDCAN2_IT0_IRQHandler                    0x08000685   Thumb Code     6  stm32g4xx_it.o(i.FDCAN2_IT0_IRQHandler)
    FDCAN3_IT0_IRQHandler                    0x08000691   Thumb Code     6  stm32g4xx_it.o(i.FDCAN3_IT0_IRQHandler)
    HAL_FDCAN_ErrorCallback                  0x0800069d   Thumb Code     2  stm32g4xx_hal_fdcan.o(i.HAL_FDCAN_ErrorCallback)
    HAL_FDCAN_ErrorStatusCallback            0x0800069f   Thumb Code     2  stm32g4xx_hal_fdcan.o(i.HAL_FDCAN_ErrorStatusCallback)
    HAL_FDCAN_HighPriorityMessageCallback    0x080006a1   Thumb Code     2  stm32g4xx_hal_fdcan.o(i.HAL_FDCAN_HighPriorityMessageCallback)
    HAL_FDCAN_IRQHandler                     0x080006a3   Thumb Code   382  stm32g4xx_hal_fdcan.o(i.HAL_FDCAN_IRQHandler)
    HAL_FDCAN_Init                           0x08000821   Thumb Code   552  stm32g4xx_hal_fdcan.o(i.HAL_FDCAN_Init)
    HAL_FDCAN_MspInit                        0x08000a59   Thumb Code   394  fdcan.o(i.HAL_FDCAN_MspInit)
    HAL_FDCAN_RxFifo0Callback                0x08000bf1   Thumb Code     2  stm32g4xx_hal_fdcan.o(i.HAL_FDCAN_RxFifo0Callback)
    HAL_FDCAN_RxFifo1Callback                0x08000bf3   Thumb Code     2  stm32g4xx_hal_fdcan.o(i.HAL_FDCAN_RxFifo1Callback)
    HAL_FDCAN_TimeoutOccurredCallback        0x08000bf5   Thumb Code     2  stm32g4xx_hal_fdcan.o(i.HAL_FDCAN_TimeoutOccurredCallback)
    HAL_FDCAN_TimestampWraparoundCallback    0x08000bf7   Thumb Code     2  stm32g4xx_hal_fdcan.o(i.HAL_FDCAN_TimestampWraparoundCallback)
    HAL_FDCAN_TxBufferAbortCallback          0x08000bf9   Thumb Code     2  stm32g4xx_hal_fdcan.o(i.HAL_FDCAN_TxBufferAbortCallback)
    HAL_FDCAN_TxBufferCompleteCallback       0x08000bfb   Thumb Code     2  stm32g4xx_hal_fdcan.o(i.HAL_FDCAN_TxBufferCompleteCallback)
    HAL_FDCAN_TxEventFifoCallback            0x08000bfd   Thumb Code     2  stm32g4xx_hal_fdcan.o(i.HAL_FDCAN_TxEventFifoCallback)
    HAL_FDCAN_TxFifoEmptyCallback            0x08000bff   Thumb Code     2  stm32g4xx_hal_fdcan.o(i.HAL_FDCAN_TxFifoEmptyCallback)
    HAL_GPIO_Init                            0x08000c01   Thumb Code   466  stm32g4xx_hal_gpio.o(i.HAL_GPIO_Init)
    HAL_GetTick                              0x08000de5   Thumb Code     6  stm32g4xx_hal.o(i.HAL_GetTick)
    HAL_IncTick                              0x08000df1   Thumb Code    12  stm32g4xx_hal.o(i.HAL_IncTick)
    HAL_Init                                 0x08000e01   Thumb Code    30  stm32g4xx_hal.o(i.HAL_Init)
    HAL_InitTick                             0x08000e21   Thumb Code   118  stm32g4xx_hal_timebase_tim.o(i.HAL_InitTick)
    HAL_MspInit                              0x08000ea9   Thumb Code    54  stm32g4xx_hal_msp.o(i.HAL_MspInit)
    HAL_NVIC_EnableIRQ                       0x08000ee5   Thumb Code    30  stm32g4xx_hal_cortex.o(i.HAL_NVIC_EnableIRQ)
    HAL_NVIC_SetPriority                     0x08000f05   Thumb Code    96  stm32g4xx_hal_cortex.o(i.HAL_NVIC_SetPriority)
    HAL_NVIC_SetPriorityGrouping             0x08000f69   Thumb Code    30  stm32g4xx_hal_cortex.o(i.HAL_NVIC_SetPriorityGrouping)
    HAL_PWREx_ControlVoltageScaling          0x08000f8d   Thumb Code   180  stm32g4xx_hal_pwr_ex.o(i.HAL_PWREx_ControlVoltageScaling)
    HAL_PWREx_DisableUCPDDeadBattery         0x0800104d   Thumb Code    12  stm32g4xx_hal_pwr_ex.o(i.HAL_PWREx_DisableUCPDDeadBattery)
    HAL_RCCEx_PeriphCLKConfig                0x0800105d   Thumb Code   826  stm32g4xx_hal_rcc_ex.o(i.HAL_RCCEx_PeriphCLKConfig)
    HAL_RCC_ClockConfig                      0x080013a1   Thumb Code   488  stm32g4xx_hal_rcc.o(i.HAL_RCC_ClockConfig)
    HAL_RCC_GetClockConfig                   0x080015a9   Thumb Code    54  stm32g4xx_hal_rcc.o(i.HAL_RCC_GetClockConfig)
    HAL_RCC_GetPCLK1Freq                     0x080015e9   Thumb Code    24  stm32g4xx_hal_rcc.o(i.HAL_RCC_GetPCLK1Freq)
    HAL_RCC_GetPCLK2Freq                     0x0800160d   Thumb Code    24  stm32g4xx_hal_rcc.o(i.HAL_RCC_GetPCLK2Freq)
    HAL_RCC_GetSysClockFreq                  0x08001631   Thumb Code   100  stm32g4xx_hal_rcc.o(i.HAL_RCC_GetSysClockFreq)
    HAL_RCC_OscConfig                        0x080016a1   Thumb Code  1214  stm32g4xx_hal_rcc.o(i.HAL_RCC_OscConfig)
    HAL_SPI_Init                             0x08001b65   Thumb Code   264  stm32g4xx_hal_spi.o(i.HAL_SPI_Init)
    HAL_SPI_MspInit                          0x08001c6d   Thumb Code   130  spi.o(i.HAL_SPI_MspInit)
    HAL_TIMEx_Break2Callback                 0x08001cfd   Thumb Code     2  stm32g4xx_hal_tim_ex.o(i.HAL_TIMEx_Break2Callback)
    HAL_TIMEx_BreakCallback                  0x08001cff   Thumb Code     2  stm32g4xx_hal_tim_ex.o(i.HAL_TIMEx_BreakCallback)
    HAL_TIMEx_CommutCallback                 0x08001d01   Thumb Code     2  stm32g4xx_hal_tim_ex.o(i.HAL_TIMEx_CommutCallback)
    HAL_TIMEx_DirectionChangeCallback        0x08001d03   Thumb Code     2  stm32g4xx_hal_tim_ex.o(i.HAL_TIMEx_DirectionChangeCallback)
    HAL_TIMEx_EncoderIndexCallback           0x08001d05   Thumb Code     2  stm32g4xx_hal_tim_ex.o(i.HAL_TIMEx_EncoderIndexCallback)
    HAL_TIMEx_IndexErrorCallback             0x08001d07   Thumb Code     2  stm32g4xx_hal_tim_ex.o(i.HAL_TIMEx_IndexErrorCallback)
    HAL_TIMEx_MasterConfigSynchronization    0x08001d09   Thumb Code   174  stm32g4xx_hal_tim_ex.o(i.HAL_TIMEx_MasterConfigSynchronization)
    HAL_TIMEx_TransitionErrorCallback        0x08001dc5   Thumb Code     2  stm32g4xx_hal_tim_ex.o(i.HAL_TIMEx_TransitionErrorCallback)
    HAL_TIM_Base_Init                        0x08001dc7   Thumb Code    98  stm32g4xx_hal_tim.o(i.HAL_TIM_Base_Init)
    HAL_TIM_Base_MspInit                     0x08001e29   Thumb Code   100  tim.o(i.HAL_TIM_Base_MspInit)
    HAL_TIM_Base_Start_IT                    0x08001e91   Thumb Code   136  stm32g4xx_hal_tim.o(i.HAL_TIM_Base_Start_IT)
    HAL_TIM_IC_CaptureCallback               0x08001f1d   Thumb Code     2  stm32g4xx_hal_tim.o(i.HAL_TIM_IC_CaptureCallback)
    HAL_TIM_IRQHandler                       0x08001f1f   Thumb Code   470  stm32g4xx_hal_tim.o(i.HAL_TIM_IRQHandler)
    HAL_TIM_OC_DelayElapsedCallback          0x080020f5   Thumb Code     2  stm32g4xx_hal_tim.o(i.HAL_TIM_OC_DelayElapsedCallback)
    HAL_TIM_PWM_PulseFinishedCallback        0x080020f7   Thumb Code     2  stm32g4xx_hal_tim.o(i.HAL_TIM_PWM_PulseFinishedCallback)
    HAL_TIM_PeriodElapsedCallback            0x080020f9   Thumb Code    14  main.o(i.HAL_TIM_PeriodElapsedCallback)
    HAL_TIM_TriggerCallback                  0x08002107   Thumb Code     2  stm32g4xx_hal_tim.o(i.HAL_TIM_TriggerCallback)
    HAL_UARTEx_DisableFifoMode               0x08002109   Thumb Code    62  stm32g4xx_hal_uart_ex.o(i.HAL_UARTEx_DisableFifoMode)
    HAL_UARTEx_SetRxFifoThreshold            0x08002149   Thumb Code   134  stm32g4xx_hal_uart_ex.o(i.HAL_UARTEx_SetRxFifoThreshold)
    HAL_UARTEx_SetTxFifoThreshold            0x080021d5   Thumb Code   134  stm32g4xx_hal_uart_ex.o(i.HAL_UARTEx_SetTxFifoThreshold)
    HAL_UART_Init                            0x08002261   Thumb Code   110  stm32g4xx_hal_uart.o(i.HAL_UART_Init)
    HAL_UART_MspInit                         0x080022d1   Thumb Code   124  usart.o(i.HAL_UART_MspInit)
    HardFault_Handler                        0x08002355   Thumb Code     2  stm32g4xx_it.o(i.HardFault_Handler)
    MX_FDCAN1_Init                           0x08002359   Thumb Code    74  fdcan.o(i.MX_FDCAN1_Init)
    MX_FDCAN2_Init                           0x080023ad   Thumb Code    74  fdcan.o(i.MX_FDCAN2_Init)
    MX_FDCAN3_Init                           0x08002401   Thumb Code    74  fdcan.o(i.MX_FDCAN3_Init)
    MX_FREERTOS_Init                         0x08002455   Thumb Code    18  app_freertos.o(i.MX_FREERTOS_Init)
    MX_GPIO_Init                             0x08002475   Thumb Code    72  gpio.o(i.MX_GPIO_Init)
    MX_SPI2_Init                             0x080024c1   Thumb Code    72  spi.o(i.MX_SPI2_Init)
    MX_TIM6_Init                             0x08002511   Thumb Code    66  tim.o(i.MX_TIM6_Init)
    MX_TIM7_Init                             0x0800255d   Thumb Code    66  tim.o(i.MX_TIM7_Init)
    MX_USART1_UART_Init                      0x080025a9   Thumb Code   100  usart.o(i.MX_USART1_UART_Init)
    MemManage_Handler                        0x08002615   Thumb Code     2  stm32g4xx_it.o(i.MemManage_Handler)
    NMI_Handler                              0x08002617   Thumb Code     2  stm32g4xx_it.o(i.NMI_Handler)
    StartDefaultTask                         0x08002619   Thumb Code     8  app_freertos.o(i.StartDefaultTask)
    SysTick_Handler                          0x08002621   Thumb Code    26  cmsis_os2.o(i.SysTick_Handler)
    SystemInit                               0x0800263d   Thumb Code    12  system_stm32g4xx.o(i.SystemInit)
    TIM2_IRQHandler                          0x0800264d   Thumb Code     6  stm32g4xx_it.o(i.TIM2_IRQHandler)
    TIM6_DAC_IRQHandler                      0x08002659   Thumb Code     6  stm32g4xx_it.o(i.TIM6_DAC_IRQHandler)
    TIM7_DAC_IRQHandler                      0x08002665   Thumb Code     6  stm32g4xx_it.o(i.TIM7_DAC_IRQHandler)
    TIM_Base_SetConfig                       0x08002671   Thumb Code   206  stm32g4xx_hal_tim.o(i.TIM_Base_SetConfig)
    UART_AdvFeatureConfig                    0x08002765   Thumb Code   218  stm32g4xx_hal_uart.o(i.UART_AdvFeatureConfig)
    UART_CheckIdleState                      0x0800283f   Thumb Code   188  stm32g4xx_hal_uart.o(i.UART_CheckIdleState)
    UART_SetConfig                           0x080028fd   Thumb Code   660  stm32g4xx_hal_uart.o(i.UART_SetConfig)
    UART_WaitOnFlagUntilTimeout              0x08002ba9   Thumb Code   338  stm32g4xx_hal_uart.o(i.UART_WaitOnFlagUntilTimeout)
    UsageFault_Handler                       0x08002cfb   Thumb Code     2  stm32g4xx_it.o(i.UsageFault_Handler)
    main                                     0x08002cfd   Thumb Code   166  main.o(i.main)
    osDelay                                  0x08002da3   Thumb Code    30  cmsis_os2.o(i.osDelay)
    osKernelInitialize                       0x08002dc1   Thumb Code    36  cmsis_os2.o(i.osKernelInitialize)
    osKernelStart                            0x08002de9   Thumb Code    50  cmsis_os2.o(i.osKernelStart)
    osThreadNew                              0x08002e25   Thumb Code   156  cmsis_os2.o(i.osThreadNew)
    pvPortMalloc                             0x080034fd   Thumb Code   386  heap_4.o(i.pvPortMalloc)
    pxPortInitialiseStack                    0x0800368d   Thumb Code    38  port.o(i.pxPortInitialiseStack)
    uxListRemove                             0x080036b9   Thumb Code    38  list.o(i.uxListRemove)
    vApplicationGetIdleTaskMemory            0x080036e1   Thumb Code    16  cmsis_os2.o(i.vApplicationGetIdleTaskMemory)
    vApplicationGetTimerTaskMemory           0x080036f5   Thumb Code    18  cmsis_os2.o(i.vApplicationGetTimerTaskMemory)
    vListInitialise                          0x0800370d   Thumb Code    22  list.o(i.vListInitialise)
    vListInitialiseItem                      0x08003723   Thumb Code     6  list.o(i.vListInitialiseItem)
    vListInsert                              0x08003729   Thumb Code    58  list.o(i.vListInsert)
    vListInsertEnd                           0x08003763   Thumb Code    24  list.o(i.vListInsertEnd)
    vPortEnterCritical                       0x0800377d   Thumb Code    56  port.o(i.vPortEnterCritical)
    vPortExitCritical                        0x080037bd   Thumb Code    38  port.o(i.vPortExitCritical)
    vPortFree                                0x080037e9   Thumb Code   158  heap_4.o(i.vPortFree)
    vPortSetupTimerInterrupt                 0x08003891   Thumb Code    32  port.o(i.vPortSetupTimerInterrupt)
    vPortValidateInterruptPriority           0x080038b5   Thumb Code    74  port.o(i.vPortValidateInterruptPriority)
    vQueueAddToRegistry                      0x08003909   Thumb Code    34  queue.o(i.vQueueAddToRegistry)
    vQueueWaitForMessageRestricted           0x08003931   Thumb Code    74  queue.o(i.vQueueWaitForMessageRestricted)
    vTaskDelay                               0x0800397d   Thumb Code    66  tasks.o(i.vTaskDelay)
    vTaskInternalSetTimeOutState             0x080039c9   Thumb Code    12  tasks.o(i.vTaskInternalSetTimeOutState)
    vTaskMissedYield                         0x080039d9   Thumb Code     8  tasks.o(i.vTaskMissedYield)
    vTaskPlaceOnEventList                    0x080039e5   Thumb Code    46  tasks.o(i.vTaskPlaceOnEventList)
    vTaskPlaceOnEventListRestricted          0x08003a19   Thumb Code    54  tasks.o(i.vTaskPlaceOnEventListRestricted)
    vTaskStartScheduler                      0x08003a55   Thumb Code   124  tasks.o(i.vTaskStartScheduler)
    vTaskSuspendAll                          0x08003ae1   Thumb Code    10  tasks.o(i.vTaskSuspendAll)
    vTaskSwitchContext                       0x08003af1   Thumb Code    98  tasks.o(i.vTaskSwitchContext)
    xPortStartScheduler                      0x08003b5d   Thumb Code   232  port.o(i.xPortStartScheduler)
    xPortSysTickHandler                      0x08003c61   Thumb Code    38  port.o(i.xPortSysTickHandler)
    xQueueGenericCreateStatic                0x08003c8d   Thumb Code   184  queue.o(i.xQueueGenericCreateStatic)
    xQueueGenericSend                        0x08003d45   Thumb Code   464  queue.o(i.xQueueGenericSend)
    xQueueGenericSendFromISR                 0x08003f19   Thumb Code   284  queue.o(i.xQueueGenericSendFromISR)
    xQueueReceive                            0x08004035   Thumb Code   340  queue.o(i.xQueueReceive)
    xTaskCheckForTimeOut                     0x0800418d   Thumb Code   124  tasks.o(i.xTaskCheckForTimeOut)
    xTaskCreate                              0x0800420d   Thumb Code   194  tasks.o(i.xTaskCreate)
    xTaskCreateStatic                        0x080042cf   Thumb Code   222  tasks.o(i.xTaskCreateStatic)
    xTaskGetSchedulerState                   0x080043ad   Thumb Code    24  tasks.o(i.xTaskGetSchedulerState)
    xTaskGetTickCount                        0x080043c9   Thumb Code     6  tasks.o(i.xTaskGetTickCount)
    xTaskIncrementTick                       0x080043d5   Thumb Code   220  tasks.o(i.xTaskIncrementTick)
    xTaskPriorityDisinherit                  0x080044b9   Thumb Code   122  tasks.o(i.xTaskPriorityDisinherit)
    xTaskRemoveFromEventList                 0x0800453d   Thumb Code   104  tasks.o(i.xTaskRemoveFromEventList)
    xTaskResumeAll                           0x080045b1   Thumb Code   430  tasks.o(i.xTaskResumeAll)
    xTimerCreateTimerTask                    0x0800476d   Thumb Code   140  timers.o(i.xTimerCreateTimerTask)
    xTimerGenericCommand                     0x08004819   Thumb Code   116  timers.o(i.xTimerGenericCommand)
    _fp_init                                 0x08004891   Thumb Code    10  fpinit.o(x$fpl$fpinit)
    __fplib_config_fpu_vfp                   0x08004899   Thumb Code     0  fpinit.o(x$fpl$fpinit)
    __fplib_config_pureend_doubles           0x08004899   Thumb Code     0  fpinit.o(x$fpl$fpinit)
    defaultTask_attributes                   0x0800489c   Data          36  app_freertos.o(.constdata)
    UARTPrescTable                           0x080048c0   Data          24  stm32g4xx_hal_uart.o(.constdata)
    AHBPrescTable                            0x080048e8   Data          16  system_stm32g4xx.o(.constdata)
    APBPrescTable                            0x080048f8   Data           8  system_stm32g4xx.o(.constdata)
    Region$$Table$$Base                      0x0800490c   Number         0  anon$$obj.o(Region$$Table)
    Region$$Table$$Limit                     0x0800492c   Number         0  anon$$obj.o(Region$$Table)
    defaultTaskHandle                        0x20000000   Data           4  app_freertos.o(.data)
    uwTickPrio                               0x20000008   Data           4  stm32g4xx_hal.o(.data)
    uwTickFreq                               0x2000000c   Data           4  stm32g4xx_hal.o(.data)
    uwTick                                   0x20000010   Data           4  stm32g4xx_hal.o(.data)
    SystemCoreClock                          0x20000014   Data           4  system_stm32g4xx.o(.data)
    pxCurrentTCB                             0x20000018   Data           4  tasks.o(.data)
    hfdcan1                                  0x20000098   Data         100  fdcan.o(.bss)
    hfdcan2                                  0x200000fc   Data         100  fdcan.o(.bss)
    hfdcan3                                  0x20000160   Data         100  fdcan.o(.bss)
    hspi2                                    0x200001c4   Data         100  spi.o(.bss)
    htim6                                    0x20000228   Data          76  tim.o(.bss)
    htim7                                    0x20000274   Data          76  tim.o(.bss)
    huart1                                   0x200002c0   Data         148  usart.o(.bss)
    htim2                                    0x20000354   Data          76  stm32g4xx_hal_timebase_tim.o(.bss)
    xQueueRegistry                           0x200003a0   Data          64  queue.o(.bss)
    __libspace_start                         0x20001c74   Data          96  libspace.o(.bss)
    __temporary_stack_top$libspace           0x20001cd4   Data           0  libspace.o(.bss)



==============================================================================

Memory Map of the image

  Image Entry point : 0x080001d9

  Load Region LR_IROM1 (Base: 0x08000000, Size: 0x000049c4, Max: 0x00080000, ABSOLUTE)

    Execution Region ER_IROM1 (Exec base: 0x08000000, Load base: 0x08000000, Size: 0x0000492c, Max: 0x00080000, ABSOLUTE)

    Exec Addr    Load Addr    Size         Type   Attr      Idx    E Section Name        Object

    0x08000000   0x08000000   0x000001d8   Data   RO            3    RESET               startup_stm32g474xx.o
    0x080001d8   0x080001d8   0x00000008   Code   RO         7673  * !!!main             c_w.l(__main.o)
    0x080001e0   0x080001e0   0x00000034   Code   RO         7891    !!!scatter          c_w.l(__scatter.o)
    0x08000214   0x08000214   0x0000001a   Code   RO         7893    !!handler_copy      c_w.l(__scatter_copy.o)
    0x0800022e   0x0800022e   0x00000002   PAD
    0x08000230   0x08000230   0x0000001c   Code   RO         7895    !!handler_zi        c_w.l(__scatter_zi.o)
    0x0800024c   0x0800024c   0x00000002   Code   RO         7761    .ARM.Collect$$libinit$$00000000  c_w.l(libinit.o)
    0x0800024e   0x0800024e   0x00000004   Code   RO         7773    .ARM.Collect$$libinit$$00000001  c_w.l(libinit2.o)
    0x08000252   0x08000252   0x00000000   Code   RO         7776    .ARM.Collect$$libinit$$00000004  c_w.l(libinit2.o)
    0x08000252   0x08000252   0x00000000   Code   RO         7779    .ARM.Collect$$libinit$$0000000A  c_w.l(libinit2.o)
    0x08000252   0x08000252   0x00000000   Code   RO         7781    .ARM.Collect$$libinit$$0000000C  c_w.l(libinit2.o)
    0x08000252   0x08000252   0x00000000   Code   RO         7783    .ARM.Collect$$libinit$$0000000E  c_w.l(libinit2.o)
    0x08000252   0x08000252   0x00000000   Code   RO         7786    .ARM.Collect$$libinit$$00000011  c_w.l(libinit2.o)
    0x08000252   0x08000252   0x00000000   Code   RO         7788    .ARM.Collect$$libinit$$00000013  c_w.l(libinit2.o)
    0x08000252   0x08000252   0x00000000   Code   RO         7790    .ARM.Collect$$libinit$$00000015  c_w.l(libinit2.o)
    0x08000252   0x08000252   0x00000000   Code   RO         7792    .ARM.Collect$$libinit$$00000017  c_w.l(libinit2.o)
    0x08000252   0x08000252   0x00000000   Code   RO         7794    .ARM.Collect$$libinit$$00000019  c_w.l(libinit2.o)
    0x08000252   0x08000252   0x00000000   Code   RO         7796    .ARM.Collect$$libinit$$0000001B  c_w.l(libinit2.o)
    0x08000252   0x08000252   0x00000000   Code   RO         7798    .ARM.Collect$$libinit$$0000001D  c_w.l(libinit2.o)
    0x08000252   0x08000252   0x00000000   Code   RO         7800    .ARM.Collect$$libinit$$0000001F  c_w.l(libinit2.o)
    0x08000252   0x08000252   0x00000000   Code   RO         7802    .ARM.Collect$$libinit$$00000021  c_w.l(libinit2.o)
    0x08000252   0x08000252   0x00000000   Code   RO         7804    .ARM.Collect$$libinit$$00000023  c_w.l(libinit2.o)
    0x08000252   0x08000252   0x00000000   Code   RO         7806    .ARM.Collect$$libinit$$00000025  c_w.l(libinit2.o)
    0x08000252   0x08000252   0x00000000   Code   RO         7810    .ARM.Collect$$libinit$$0000002C  c_w.l(libinit2.o)
    0x08000252   0x08000252   0x00000000   Code   RO         7812    .ARM.Collect$$libinit$$0000002E  c_w.l(libinit2.o)
    0x08000252   0x08000252   0x00000000   Code   RO         7814    .ARM.Collect$$libinit$$00000030  c_w.l(libinit2.o)
    0x08000252   0x08000252   0x00000000   Code   RO         7816    .ARM.Collect$$libinit$$00000032  c_w.l(libinit2.o)
    0x08000252   0x08000252   0x00000002   Code   RO         7817    .ARM.Collect$$libinit$$00000033  c_w.l(libinit2.o)
    0x08000254   0x08000254   0x00000002   Code   RO         7848    .ARM.Collect$$libshutdown$$00000000  c_w.l(libshutdown.o)
    0x08000256   0x08000256   0x00000000   Code   RO         7874    .ARM.Collect$$libshutdown$$00000002  c_w.l(libshutdown2.o)
    0x08000256   0x08000256   0x00000000   Code   RO         7876    .ARM.Collect$$libshutdown$$00000004  c_w.l(libshutdown2.o)
    0x08000256   0x08000256   0x00000000   Code   RO         7879    .ARM.Collect$$libshutdown$$00000007  c_w.l(libshutdown2.o)
    0x08000256   0x08000256   0x00000000   Code   RO         7882    .ARM.Collect$$libshutdown$$0000000A  c_w.l(libshutdown2.o)
    0x08000256   0x08000256   0x00000000   Code   RO         7884    .ARM.Collect$$libshutdown$$0000000C  c_w.l(libshutdown2.o)
    0x08000256   0x08000256   0x00000000   Code   RO         7887    .ARM.Collect$$libshutdown$$0000000F  c_w.l(libshutdown2.o)
    0x08000256   0x08000256   0x00000002   Code   RO         7888    .ARM.Collect$$libshutdown$$00000010  c_w.l(libshutdown2.o)
    0x08000258   0x08000258   0x00000000   Code   RO         7713    .ARM.Collect$$rtentry$$00000000  c_w.l(__rtentry.o)
    0x08000258   0x08000258   0x00000000   Code   RO         7732    .ARM.Collect$$rtentry$$00000002  c_w.l(__rtentry2.o)
    0x08000258   0x08000258   0x00000006   Code   RO         7744    .ARM.Collect$$rtentry$$00000004  c_w.l(__rtentry4.o)
    0x0800025e   0x0800025e   0x00000000   Code   RO         7734    .ARM.Collect$$rtentry$$00000009  c_w.l(__rtentry2.o)
    0x0800025e   0x0800025e   0x00000004   Code   RO         7735    .ARM.Collect$$rtentry$$0000000A  c_w.l(__rtentry2.o)
    0x08000262   0x08000262   0x00000000   Code   RO         7737    .ARM.Collect$$rtentry$$0000000C  c_w.l(__rtentry2.o)
    0x08000262   0x08000262   0x00000008   Code   RO         7738    .ARM.Collect$$rtentry$$0000000D  c_w.l(__rtentry2.o)
    0x0800026a   0x0800026a   0x00000002   Code   RO         7765    .ARM.Collect$$rtexit$$00000000  c_w.l(rtexit.o)
    0x0800026c   0x0800026c   0x00000000   Code   RO         7821    .ARM.Collect$$rtexit$$00000002  c_w.l(rtexit2.o)
    0x0800026c   0x0800026c   0x00000004   Code   RO         7822    .ARM.Collect$$rtexit$$00000003  c_w.l(rtexit2.o)
    0x08000270   0x08000270   0x00000006   Code   RO         7823    .ARM.Collect$$rtexit$$00000004  c_w.l(rtexit2.o)
    0x08000276   0x08000276   0x00000002   PAD
    0x08000278   0x08000278   0x000000be   Code   RO         5997    .emb_text           port.o
    0x08000336   0x08000336   0x00000002   PAD
    0x08000338   0x08000338   0x00000040   Code   RO            4    .text               startup_stm32g474xx.o
    0x08000378   0x08000378   0x000000ee   Code   RO         7653    .text               c_w.l(lludivv7m.o)
    0x08000466   0x08000466   0x0000008a   Code   RO         7659    .text               c_w.l(rt_memcpy_v6.o)
    0x080004f0   0x080004f0   0x00000064   Code   RO         7663    .text               c_w.l(rt_memcpy_w.o)
    0x08000554   0x08000554   0x00000010   Code   RO         7667    .text               c_w.l(aeabi_memset.o)
    0x08000564   0x08000564   0x0000004e   Code   RO         7669    .text               c_w.l(rt_memclr_w.o)
    0x080005b2   0x080005b2   0x00000006   Code   RO         7671    .text               c_w.l(heapauxi.o)
    0x080005b8   0x080005b8   0x00000044   Code   RO         7720    .text               c_w.l(rt_memclr.o)
    0x080005fc   0x080005fc   0x0000004a   Code   RO         7748    .text               c_w.l(sys_stackheap_outer.o)
    0x08000646   0x08000646   0x00000012   Code   RO         7750    .text               c_w.l(exit.o)
    0x08000658   0x08000658   0x00000008   Code   RO         7762    .text               c_w.l(libspace.o)
    0x08000660   0x08000660   0x0000000c   Code   RO         7818    .text               c_w.l(sys_exit.o)
    0x0800066c   0x0800066c   0x00000002   Code   RO         7837    .text               c_w.l(use_no_semi.o)
    0x0800066e   0x0800066e   0x00000000   Code   RO         7839    .text               c_w.l(indicate_semi.o)
    0x0800066e   0x0800066e   0x00000002   Code   RO          471    i.BusFault_Handler  stm32g4xx_it.o
    0x08000670   0x08000670   0x00000002   Code   RO          472    i.DebugMon_Handler  stm32g4xx_it.o
    0x08000672   0x08000672   0x00000004   Code   RO           13    i.Error_Handler     main.o
    0x08000676   0x08000676   0x00000002   PAD
    0x08000678   0x08000678   0x0000000c   Code   RO          473    i.FDCAN1_IT0_IRQHandler  stm32g4xx_it.o
    0x08000684   0x08000684   0x0000000c   Code   RO          474    i.FDCAN2_IT0_IRQHandler  stm32g4xx_it.o
    0x08000690   0x08000690   0x0000000c   Code   RO          475    i.FDCAN3_IT0_IRQHandler  stm32g4xx_it.o
    0x0800069c   0x0800069c   0x00000002   Code   RO          653    i.HAL_FDCAN_ErrorCallback  stm32g4xx_hal_fdcan.o
    0x0800069e   0x0800069e   0x00000002   Code   RO          654    i.HAL_FDCAN_ErrorStatusCallback  stm32g4xx_hal_fdcan.o
    0x080006a0   0x080006a0   0x00000002   Code   RO          669    i.HAL_FDCAN_HighPriorityMessageCallback  stm32g4xx_hal_fdcan.o
    0x080006a2   0x080006a2   0x0000017e   Code   RO          670    i.HAL_FDCAN_IRQHandler  stm32g4xx_hal_fdcan.o
    0x08000820   0x08000820   0x00000238   Code   RO          671    i.HAL_FDCAN_Init    stm32g4xx_hal_fdcan.o
    0x08000a58   0x08000a58   0x00000198   Code   RO          285    i.HAL_FDCAN_MspInit  fdcan.o
    0x08000bf0   0x08000bf0   0x00000002   Code   RO          678    i.HAL_FDCAN_RxFifo0Callback  stm32g4xx_hal_fdcan.o
    0x08000bf2   0x08000bf2   0x00000002   Code   RO          679    i.HAL_FDCAN_RxFifo1Callback  stm32g4xx_hal_fdcan.o
    0x08000bf4   0x08000bf4   0x00000002   Code   RO          682    i.HAL_FDCAN_TimeoutOccurredCallback  stm32g4xx_hal_fdcan.o
    0x08000bf6   0x08000bf6   0x00000002   Code   RO          683    i.HAL_FDCAN_TimestampWraparoundCallback  stm32g4xx_hal_fdcan.o
    0x08000bf8   0x08000bf8   0x00000002   Code   RO          684    i.HAL_FDCAN_TxBufferAbortCallback  stm32g4xx_hal_fdcan.o
    0x08000bfa   0x08000bfa   0x00000002   Code   RO          685    i.HAL_FDCAN_TxBufferCompleteCallback  stm32g4xx_hal_fdcan.o
    0x08000bfc   0x08000bfc   0x00000002   Code   RO          686    i.HAL_FDCAN_TxEventFifoCallback  stm32g4xx_hal_fdcan.o
    0x08000bfe   0x08000bfe   0x00000002   Code   RO          687    i.HAL_FDCAN_TxFifoEmptyCallback  stm32g4xx_hal_fdcan.o
    0x08000c00   0x08000c00   0x000001e4   Code   RO         1708    i.HAL_GPIO_Init     stm32g4xx_hal_gpio.o
    0x08000de4   0x08000de4   0x0000000c   Code   RO         1019    i.HAL_GetTick       stm32g4xx_hal.o
    0x08000df0   0x08000df0   0x00000010   Code   RO         1025    i.HAL_IncTick       stm32g4xx_hal.o
    0x08000e00   0x08000e00   0x0000001e   Code   RO         1026    i.HAL_Init          stm32g4xx_hal.o
    0x08000e1e   0x08000e1e   0x00000002   PAD
    0x08000e20   0x08000e20   0x00000088   Code   RO          589    i.HAL_InitTick      stm32g4xx_hal_timebase_tim.o
    0x08000ea8   0x08000ea8   0x0000003c   Code   RO          565    i.HAL_MspInit       stm32g4xx_hal_msp.o
    0x08000ee4   0x08000ee4   0x0000001e   Code   RO         2340    i.HAL_NVIC_EnableIRQ  stm32g4xx_hal_cortex.o
    0x08000f02   0x08000f02   0x00000002   PAD
    0x08000f04   0x08000f04   0x00000064   Code   RO         2346    i.HAL_NVIC_SetPriority  stm32g4xx_hal_cortex.o
    0x08000f68   0x08000f68   0x00000024   Code   RO         2347    i.HAL_NVIC_SetPriorityGrouping  stm32g4xx_hal_cortex.o
    0x08000f8c   0x08000f8c   0x000000c0   Code   RO         2096    i.HAL_PWREx_ControlVoltageScaling  stm32g4xx_hal_pwr_ex.o
    0x0800104c   0x0800104c   0x00000010   Code   RO         2108    i.HAL_PWREx_DisableUCPDDeadBattery  stm32g4xx_hal_pwr_ex.o
    0x0800105c   0x0800105c   0x00000344   Code   RO         1385    i.HAL_RCCEx_PeriphCLKConfig  stm32g4xx_hal_rcc_ex.o
    0x080013a0   0x080013a0   0x00000208   Code   RO         1261    i.HAL_RCC_ClockConfig  stm32g4xx_hal_rcc.o
    0x080015a8   0x080015a8   0x00000040   Code   RO         1266    i.HAL_RCC_GetClockConfig  stm32g4xx_hal_rcc.o
    0x080015e8   0x080015e8   0x00000024   Code   RO         1269    i.HAL_RCC_GetPCLK1Freq  stm32g4xx_hal_rcc.o
    0x0800160c   0x0800160c   0x00000024   Code   RO         1270    i.HAL_RCC_GetPCLK2Freq  stm32g4xx_hal_rcc.o
    0x08001630   0x08001630   0x00000070   Code   RO         1271    i.HAL_RCC_GetSysClockFreq  stm32g4xx_hal_rcc.o
    0x080016a0   0x080016a0   0x000004c4   Code   RO         1274    i.HAL_RCC_OscConfig  stm32g4xx_hal_rcc.o
    0x08001b64   0x08001b64   0x00000108   Code   RO         2476    i.HAL_SPI_Init      stm32g4xx_hal_spi.o
    0x08001c6c   0x08001c6c   0x00000090   Code   RO          340    i.HAL_SPI_MspInit   spi.o
    0x08001cfc   0x08001cfc   0x00000002   Code   RO         3470    i.HAL_TIMEx_Break2Callback  stm32g4xx_hal_tim_ex.o
    0x08001cfe   0x08001cfe   0x00000002   Code   RO         3471    i.HAL_TIMEx_BreakCallback  stm32g4xx_hal_tim_ex.o
    0x08001d00   0x08001d00   0x00000002   Code   RO         3472    i.HAL_TIMEx_CommutCallback  stm32g4xx_hal_tim_ex.o
    0x08001d02   0x08001d02   0x00000002   Code   RO         3483    i.HAL_TIMEx_DirectionChangeCallback  stm32g4xx_hal_tim_ex.o
    0x08001d04   0x08001d04   0x00000002   Code   RO         3497    i.HAL_TIMEx_EncoderIndexCallback  stm32g4xx_hal_tim_ex.o
    0x08001d06   0x08001d06   0x00000002   Code   RO         3511    i.HAL_TIMEx_IndexErrorCallback  stm32g4xx_hal_tim_ex.o
    0x08001d08   0x08001d08   0x000000bc   Code   RO         3512    i.HAL_TIMEx_MasterConfigSynchronization  stm32g4xx_hal_tim_ex.o
    0x08001dc4   0x08001dc4   0x00000002   Code   RO         3533    i.HAL_TIMEx_TransitionErrorCallback  stm32g4xx_hal_tim_ex.o
    0x08001dc6   0x08001dc6   0x00000062   Code   RO         2798    i.HAL_TIM_Base_Init  stm32g4xx_hal_tim.o
    0x08001e28   0x08001e28   0x00000068   Code   RO          382    i.HAL_TIM_Base_MspInit  tim.o
    0x08001e90   0x08001e90   0x0000008c   Code   RO         2803    i.HAL_TIM_Base_Start_IT  stm32g4xx_hal_tim.o
    0x08001f1c   0x08001f1c   0x00000002   Code   RO         2832    i.HAL_TIM_IC_CaptureCallback  stm32g4xx_hal_tim.o
    0x08001f1e   0x08001f1e   0x000001d6   Code   RO         2846    i.HAL_TIM_IRQHandler  stm32g4xx_hal_tim.o
    0x080020f4   0x080020f4   0x00000002   Code   RO         2849    i.HAL_TIM_OC_DelayElapsedCallback  stm32g4xx_hal_tim.o
    0x080020f6   0x080020f6   0x00000002   Code   RO         2876    i.HAL_TIM_PWM_PulseFinishedCallback  stm32g4xx_hal_tim.o
    0x080020f8   0x080020f8   0x0000000e   Code   RO           14    i.HAL_TIM_PeriodElapsedCallback  main.o
    0x08002106   0x08002106   0x00000002   Code   RO         2889    i.HAL_TIM_TriggerCallback  stm32g4xx_hal_tim.o
    0x08002108   0x08002108   0x0000003e   Code   RO         4308    i.HAL_UARTEx_DisableFifoMode  stm32g4xx_hal_uart_ex.o
    0x08002146   0x08002146   0x00000002   PAD
    0x08002148   0x08002148   0x0000008c   Code   RO         4317    i.HAL_UARTEx_SetRxFifoThreshold  stm32g4xx_hal_uart_ex.o
    0x080021d4   0x080021d4   0x0000008c   Code   RO         4318    i.HAL_UARTEx_SetTxFifoThreshold  stm32g4xx_hal_uart_ex.o
    0x08002260   0x08002260   0x0000006e   Code   RO         3923    i.HAL_UART_Init     stm32g4xx_hal_uart.o
    0x080022ce   0x080022ce   0x00000002   PAD
    0x080022d0   0x080022d0   0x00000084   Code   RO          430    i.HAL_UART_MspInit  usart.o
    0x08002354   0x08002354   0x00000002   Code   RO          476    i.HardFault_Handler  stm32g4xx_it.o
    0x08002356   0x08002356   0x00000002   PAD
    0x08002358   0x08002358   0x00000054   Code   RO          286    i.MX_FDCAN1_Init    fdcan.o
    0x080023ac   0x080023ac   0x00000054   Code   RO          287    i.MX_FDCAN2_Init    fdcan.o
    0x08002400   0x08002400   0x00000054   Code   RO          288    i.MX_FDCAN3_Init    fdcan.o
    0x08002454   0x08002454   0x00000020   Code   RO          241    i.MX_FREERTOS_Init  app_freertos.o
    0x08002474   0x08002474   0x0000004c   Code   RO          217    i.MX_GPIO_Init      gpio.o
    0x080024c0   0x080024c0   0x00000050   Code   RO          341    i.MX_SPI2_Init      spi.o
    0x08002510   0x08002510   0x0000004c   Code   RO          383    i.MX_TIM6_Init      tim.o
    0x0800255c   0x0800255c   0x0000004c   Code   RO          384    i.MX_TIM7_Init      tim.o
    0x080025a8   0x080025a8   0x0000006c   Code   RO          431    i.MX_USART1_UART_Init  usart.o
    0x08002614   0x08002614   0x00000002   Code   RO          477    i.MemManage_Handler  stm32g4xx_it.o
    0x08002616   0x08002616   0x00000002   Code   RO          478    i.NMI_Handler       stm32g4xx_it.o
    0x08002618   0x08002618   0x00000008   Code   RO          242    i.StartDefaultTask  app_freertos.o
    0x08002620   0x08002620   0x0000001a   Code   RO         5451    i.SysTick_Handler   cmsis_os2.o
    0x0800263a   0x0800263a   0x00000002   PAD
    0x0800263c   0x0800263c   0x00000010   Code   RO         4422    i.SystemInit        system_stm32g4xx.o
    0x0800264c   0x0800264c   0x0000000c   Code   RO          479    i.TIM2_IRQHandler   stm32g4xx_it.o
    0x08002658   0x08002658   0x0000000c   Code   RO          480    i.TIM6_DAC_IRQHandler  stm32g4xx_it.o
    0x08002664   0x08002664   0x0000000c   Code   RO          481    i.TIM7_DAC_IRQHandler  stm32g4xx_it.o
    0x08002670   0x08002670   0x000000f4   Code   RO         2891    i.TIM_Base_SetConfig  stm32g4xx_hal_tim.o
    0x08002764   0x08002764   0x000000da   Code   RO         3937    i.UART_AdvFeatureConfig  stm32g4xx_hal_uart.o
    0x0800283e   0x0800283e   0x000000bc   Code   RO         3938    i.UART_CheckIdleState  stm32g4xx_hal_uart.o
    0x080028fa   0x080028fa   0x00000002   PAD
    0x080028fc   0x080028fc   0x000002ac   Code   RO         3954    i.UART_SetConfig    stm32g4xx_hal_uart.o
    0x08002ba8   0x08002ba8   0x00000152   Code   RO         3961    i.UART_WaitOnFlagUntilTimeout  stm32g4xx_hal_uart.o
    0x08002cfa   0x08002cfa   0x00000002   Code   RO          482    i.UsageFault_Handler  stm32g4xx_it.o
    0x08002cfc   0x08002cfc   0x000000a6   Code   RO           16    i.main              main.o
    0x08002da2   0x08002da2   0x0000001e   Code   RO         5453    i.osDelay           cmsis_os2.o
    0x08002dc0   0x08002dc0   0x00000028   Code   RO         5467    i.osKernelInitialize  cmsis_os2.o
    0x08002de8   0x08002de8   0x0000003c   Code   RO         5470    i.osKernelStart     cmsis_os2.o
    0x08002e24   0x08002e24   0x0000009c   Code   RO         5512    i.osThreadNew       cmsis_os2.o
    0x08002ec0   0x08002ec0   0x00000060   Code   RO         4975    i.prvAddCurrentTaskToDelayedList  tasks.o
    0x08002f20   0x08002f20   0x000000e8   Code   RO         4976    i.prvAddNewTaskToReadyList  tasks.o
    0x08003008   0x08003008   0x0000008c   Code   RO         4977    i.prvIdleTask       tasks.o
    0x08003094   0x08003094   0x000000d0   Code   RO         5310    i.prvSampleTimeNow  timers.o
    0x08003164   0x08003164   0x0000002c   Code   RO         5998    i.prvTaskExitError  port.o
    0x08003190   0x08003190   0x00000300   Code   RO         5311    i.prvTimerTask      timers.o
    0x08003490   0x08003490   0x0000006c   Code   RO         4621    i.prvUnlockQueue    queue.o
    0x080034fc   0x080034fc   0x00000190   Code   RO         5952    i.pvPortMalloc      heap_4.o
    0x0800368c   0x0800368c   0x0000002c   Code   RO         5999    i.pxPortInitialiseStack  port.o
    0x080036b8   0x080036b8   0x00000026   Code   RO         4581    i.uxListRemove      list.o
    0x080036de   0x080036de   0x00000002   PAD
    0x080036e0   0x080036e0   0x00000014   Code   RO         5524    i.vApplicationGetIdleTaskMemory  cmsis_os2.o
    0x080036f4   0x080036f4   0x00000018   Code   RO         5525    i.vApplicationGetTimerTaskMemory  cmsis_os2.o
    0x0800370c   0x0800370c   0x00000016   Code   RO         4582    i.vListInitialise   list.o
    0x08003722   0x08003722   0x00000006   Code   RO         4583    i.vListInitialiseItem  list.o
    0x08003728   0x08003728   0x0000003a   Code   RO         4584    i.vListInsert       list.o
    0x08003762   0x08003762   0x00000018   Code   RO         4585    i.vListInsertEnd    list.o
    0x0800377a   0x0800377a   0x00000002   PAD
    0x0800377c   0x0800377c   0x00000040   Code   RO         6001    i.vPortEnterCritical  port.o
    0x080037bc   0x080037bc   0x0000002c   Code   RO         6002    i.vPortExitCritical  port.o
    0x080037e8   0x080037e8   0x000000a8   Code   RO         5953    i.vPortFree         heap_4.o
    0x08003890   0x08003890   0x00000024   Code   RO         6003    i.vPortSetupTimerInterrupt  port.o
    0x080038b4   0x080038b4   0x00000054   Code   RO         6004    i.vPortValidateInterruptPriority  port.o
    0x08003908   0x08003908   0x00000028   Code   RO         4627    i.vQueueAddToRegistry  queue.o
    0x08003930   0x08003930   0x0000004a   Code   RO         4631    i.vQueueWaitForMessageRestricted  queue.o
    0x0800397a   0x0800397a   0x00000002   PAD
    0x0800397c   0x0800397c   0x0000004c   Code   RO         4989    i.vTaskDelay        tasks.o
    0x080039c8   0x080039c8   0x00000010   Code   RO         4994    i.vTaskInternalSetTimeOutState  tasks.o
    0x080039d8   0x080039d8   0x0000000c   Code   RO         4995    i.vTaskMissedYield  tasks.o
    0x080039e4   0x080039e4   0x00000034   Code   RO         4997    i.vTaskPlaceOnEventList  tasks.o
    0x08003a18   0x08003a18   0x0000003c   Code   RO         4998    i.vTaskPlaceOnEventListRestricted  tasks.o
    0x08003a54   0x08003a54   0x0000008c   Code   RO         5006    i.vTaskStartScheduler  tasks.o
    0x08003ae0   0x08003ae0   0x00000010   Code   RO         5008    i.vTaskSuspendAll   tasks.o
    0x08003af0   0x08003af0   0x0000006c   Code   RO         5009    i.vTaskSwitchContext  tasks.o
    0x08003b5c   0x08003b5c   0x00000104   Code   RO         6005    i.xPortStartScheduler  port.o
    0x08003c60   0x08003c60   0x0000002c   Code   RO         6006    i.xPortSysTickHandler  port.o
    0x08003c8c   0x08003c8c   0x000000b8   Code   RO         4637    i.xQueueGenericCreateStatic  queue.o
    0x08003d44   0x08003d44   0x000001d4   Code   RO         4639    i.xQueueGenericSend  queue.o
    0x08003f18   0x08003f18   0x0000011c   Code   RO         4640    i.xQueueGenericSendFromISR  queue.o
    0x08004034   0x08004034   0x00000158   Code   RO         4649    i.xQueueReceive     queue.o
    0x0800418c   0x0800418c   0x00000080   Code   RO         5011    i.xTaskCheckForTimeOut  tasks.o
    0x0800420c   0x0800420c   0x000000c2   Code   RO         5012    i.xTaskCreate       tasks.o
    0x080042ce   0x080042ce   0x000000de   Code   RO         5013    i.xTaskCreateStatic  tasks.o
    0x080043ac   0x080043ac   0x0000001c   Code   RO         5017    i.xTaskGetSchedulerState  tasks.o
    0x080043c8   0x080043c8   0x0000000c   Code   RO         5018    i.xTaskGetTickCount  tasks.o
    0x080043d4   0x080043d4   0x000000e4   Code   RO         5020    i.xTaskIncrementTick  tasks.o
    0x080044b8   0x080044b8   0x00000084   Code   RO         5023    i.xTaskPriorityDisinherit  tasks.o
    0x0800453c   0x0800453c   0x00000074   Code   RO         5025    i.xTaskRemoveFromEventList  tasks.o
    0x080045b0   0x080045b0   0x000001bc   Code   RO         5026    i.xTaskResumeAll    tasks.o
    0x0800476c   0x0800476c   0x000000ac   Code   RO         5320    i.xTimerCreateTimerTask  timers.o
    0x08004818   0x08004818   0x00000078   Code   RO         5321    i.xTimerGenericCommand  timers.o
    0x08004890   0x08004890   0x0000000a   Code   RO         7833    x$fpl$fpinit        fz_wm.l(fpinit.o)
    0x0800489a   0x0800489a   0x00000002   PAD
    0x0800489c   0x0800489c   0x00000024   Data   RO          243    .constdata          app_freertos.o
    0x080048c0   0x080048c0   0x00000018   Data   RO         3962    .constdata          stm32g4xx_hal_uart.o
    0x080048d8   0x080048d8   0x00000010   Data   RO         4322    .constdata          stm32g4xx_hal_uart_ex.o
    0x080048e8   0x080048e8   0x00000010   Data   RO         4423    .constdata          system_stm32g4xx.o
    0x080048f8   0x080048f8   0x00000008   Data   RO         4424    .constdata          system_stm32g4xx.o
    0x08004900   0x08004900   0x0000000c   Data   RO          244    .conststring        app_freertos.o
    0x0800490c   0x0800490c   0x00000020   Data   RO         7889    Region$$Table       anon$$obj.o


    Execution Region RW_IRAM1 (Exec base: 0x20000000, Load base: 0x0800492c, Size: 0x000022d8, Max: 0x00020000, ABSOLUTE)

    Exec Addr    Load Addr    Size         Type   Attr      Idx    E Section Name        Object

    0x20000000   0x0800492c   0x00000004   Data   RW          245    .data               app_freertos.o
    0x20000004   0x08004930   0x00000004   Data   RW          290    .data               fdcan.o
    0x20000008   0x08004934   0x0000000c   Data   RW         1046    .data               stm32g4xx_hal.o
    0x20000014   0x08004940   0x00000004   Data   RW         4425    .data               system_stm32g4xx.o
    0x20000018   0x08004944   0x0000003c   Data   RW         5029    .data               tasks.o
    0x20000054   0x08004980   0x00000014   Data   RW         5329    .data               timers.o
    0x20000068   0x08004994   0x00000004   Data   RW         5527    .data               cmsis_os2.o
    0x2000006c   0x08004998   0x00000020   Data   RW         5959    .data               heap_4.o
    0x2000008c   0x080049b8   0x0000000c   Data   RW         6007    .data               port.o
    0x20000098        -       0x0000012c   Zero   RW          289    .bss                fdcan.o
    0x200001c4        -       0x00000064   Zero   RW          342    .bss                spi.o
    0x20000228        -       0x00000098   Zero   RW          385    .bss                tim.o
    0x200002c0        -       0x00000094   Zero   RW          432    .bss                usart.o
    0x20000354        -       0x0000004c   Zero   RW          592    .bss                stm32g4xx_hal_timebase_tim.o
    0x200003a0        -       0x00000040   Zero   RW         4653    .bss                queue.o
    0x200003e0        -       0x000004c4   Zero   RW         5028    .bss                tasks.o
    0x200008a4        -       0x00000118   Zero   RW         5328    .bss                timers.o
    0x200009bc        -       0x000006b8   Zero   RW         5526    .bss                cmsis_os2.o
    0x20001074        -       0x00000c00   Zero   RW         5958    .bss                heap_4.o
    0x20001c74        -       0x00000060   Zero   RW         7763    .bss                c_w.l(libspace.o)
    0x20001cd4   0x080049c4   0x00000004   PAD
    0x20001cd8        -       0x00000200   Zero   RW            2    HEAP                startup_stm32g474xx.o
    0x20001ed8        -       0x00000400   Zero   RW            1    STACK               startup_stm32g474xx.o


==============================================================================

Image component sizes


      Code (inc. data)   RO Data    RW Data    ZI Data      Debug   Object Name

        40         14         48          4          0       1741   app_freertos.o
       356         24          0          4       1720      65391   cmsis_os2.o
         0          0          0          0          0      19500   event_groups.o
       660         44          0          4        300       3349   fdcan.o
        76          4          0          0          0        891   gpio.o
       568         24          0         32       3072       4215   heap_4.o
       148          0          0          0          0       3606   list.o
       184          0          0          0          0     915471   main.o
       810         90          0         12          0      11561   port.o
      1502         14          0          0         64      15584   queue.o
       224         22          0          0        100       1765   spi.o
        64         26        472          0       1536        848   startup_stm32g474xx.o
        58         10          0         12          0       3014   stm32g4xx_hal.o
       166         10          0          0          0      32622   stm32g4xx_hal_cortex.o
       972         16          0          0          0      11770   stm32g4xx_hal_fdcan.o
       484         18          0          0          0       1428   stm32g4xx_hal_gpio.o
        60          6          0          0          0        878   stm32g4xx_hal_msp.o
       208         16          0          0          0       1429   stm32g4xx_hal_pwr_ex.o
      1988        100          0          0          0       7091   stm32g4xx_hal_rcc.o
       836         10          0          0          0       1956   stm32g4xx_hal_rcc_ex.o
       264          0          0          0          0       1712   stm32g4xx_hal_spi.o
       960         42          0          0          0       8129   stm32g4xx_hal_tim.o
       202         14          0          0          0       5460   stm32g4xx_hal_tim_ex.o
       136         18          0          0         76       1439   stm32g4xx_hal_timebase_tim.o
      1538         44         24          0          0      25425   stm32g4xx_hal_uart.o
       342         12         16          0          0       3433   stm32g4xx_hal_uart_ex.o
        84         36          0          0          0       5655   stm32g4xx_it.o
         0          0          0          0          0        416   stream_buffer.o
        16          4         24          4          0       1139   system_stm32g4xx.o
      2452        178          0         60       1220      27077   tasks.o
       256         24          0          0        152       2347   tim.o
      1268         60          0         20        280      31891   timers.o
       240         16          0          0        148       1838   usart.o

    ----------------------------------------------------------------------
     17186        896        616        152       8668    1220071   Object Totals
         0          0         32          0          0          0   (incl. Generated)
        24          0          0          0          0          0   (incl. Padding)

    ----------------------------------------------------------------------

      Code (inc. data)   RO Data    RW Data    ZI Data      Debug   Library Member Name

         8          0          0          0          0         68   __main.o
         0          0          0          0          0          0   __rtentry.o
        12          0          0          0          0          0   __rtentry2.o
         6          0          0          0          0          0   __rtentry4.o
        52          8          0          0          0          0   __scatter.o
        26          0          0          0          0          0   __scatter_copy.o
        28          0          0          0          0          0   __scatter_zi.o
        16          0          0          0          0         68   aeabi_memset.o
        18          0          0          0          0         80   exit.o
         6          0          0          0          0        152   heapauxi.o
         0          0          0          0          0          0   indicate_semi.o
         2          0          0          0          0          0   libinit.o
         6          0          0          0          0          0   libinit2.o
         2          0          0          0          0          0   libshutdown.o
         2          0          0          0          0          0   libshutdown2.o
         8          4          0          0         96         68   libspace.o
       238          0          0          0          0        100   lludivv7m.o
        68          0          0          0          0         68   rt_memclr.o
        78          0          0          0          0         80   rt_memclr_w.o
       138          0          0          0          0         68   rt_memcpy_v6.o
       100          0          0          0          0         80   rt_memcpy_w.o
         2          0          0          0          0          0   rtexit.o
        10          0          0          0          0          0   rtexit2.o
        12          4          0          0          0         68   sys_exit.o
        74          0          0          0          0         80   sys_stackheap_outer.o
         2          0          0          0          0         68   use_no_semi.o
        10          0          0          0          0        116   fpinit.o

    ----------------------------------------------------------------------
       930         16          0          0        100       1164   Library Totals
         6          0          0          0          4          0   (incl. Padding)

    ----------------------------------------------------------------------

      Code (inc. data)   RO Data    RW Data    ZI Data      Debug   Library Name

       914         16          0          0         96       1048   c_w.l
        10          0          0          0          0        116   fz_wm.l

    ----------------------------------------------------------------------
       930         16          0          0        100       1164   Library Totals

    ----------------------------------------------------------------------

==============================================================================


      Code (inc. data)   RO Data    RW Data    ZI Data      Debug   

     18116        912        616        152       8768    1207467   Grand Totals
     18116        912        616        152       8768    1207467   ELF Image Totals
     18116        912        616        152          0          0   ROM Totals

==============================================================================

    Total RO  Size (Code + RO Data)                18732 (  18.29kB)
    Total RW  Size (RW Data + ZI Data)              8920 (   8.71kB)
    Total ROM Size (Code + RO Data + RW Data)      18884 (  18.44kB)

==============================================================================

